Component: Arm Compiler for Embedded 6.19 Tool: armlink [5e73cb00]

==============================================================================

Section Cross References

    usbh_msc_scsi.o(.text.USBH_MSC_SCSI_TestUnitReady) refers to usbh_msc_bot.o(.text.USBH_MSC_BOT_Process) for USBH_MSC_BOT_Process
    usbh_msc_scsi.o(.ARM.exidx.text.USBH_MSC_SCSI_TestUnitReady) refers to usbh_msc_scsi.o(.text.USBH_MSC_SCSI_TestUnitReady) for [Anonymous Symbol]
    usbh_msc_scsi.o(.text.USBH_MSC_SCSI_ReadCapacity) refers to usbh_msc_bot.o(.text.USBH_MSC_BOT_Process) for USBH_MSC_BOT_Process
    usbh_msc_scsi.o(.ARM.exidx.text.USBH_MSC_SCSI_ReadCapacity) refers to usbh_msc_scsi.o(.text.USBH_MSC_SCSI_ReadCapacity) for [Anonymous Symbol]
    usbh_msc_scsi.o(.text.USBH_MSC_SCSI_Inquiry) refers to usbh_msc_bot.o(.text.USBH_MSC_BOT_Process) for USBH_MSC_BOT_Process
    usbh_msc_scsi.o(.text.USBH_MSC_SCSI_Inquiry) refers to memseta.o(.text) for __aeabi_memclr
    usbh_msc_scsi.o(.ARM.exidx.text.USBH_MSC_SCSI_Inquiry) refers to usbh_msc_scsi.o(.text.USBH_MSC_SCSI_Inquiry) for [Anonymous Symbol]
    usbh_msc_scsi.o(.text.USBH_MSC_SCSI_RequestSense) refers to usbh_msc_bot.o(.text.USBH_MSC_BOT_Process) for USBH_MSC_BOT_Process
    usbh_msc_scsi.o(.ARM.exidx.text.USBH_MSC_SCSI_RequestSense) refers to usbh_msc_scsi.o(.text.USBH_MSC_SCSI_RequestSense) for [Anonymous Symbol]
    usbh_msc_scsi.o(.text.USBH_MSC_SCSI_Write) refers to usbh_msc_bot.o(.text.USBH_MSC_BOT_Process) for USBH_MSC_BOT_Process
    usbh_msc_scsi.o(.ARM.exidx.text.USBH_MSC_SCSI_Write) refers to usbh_msc_scsi.o(.text.USBH_MSC_SCSI_Write) for [Anonymous Symbol]
    usbh_msc_scsi.o(.text.USBH_MSC_SCSI_Read) refers to usbh_msc_bot.o(.text.USBH_MSC_BOT_Process) for USBH_MSC_BOT_Process
    usbh_msc_scsi.o(.ARM.exidx.text.USBH_MSC_SCSI_Read) refers to usbh_msc_scsi.o(.text.USBH_MSC_SCSI_Read) for [Anonymous Symbol]
    usbh_msc.o(.text.USBH_MSC_InterfaceInit) refers to usbh_core.o(.text.USBH_FindInterface) for USBH_FindInterface
    usbh_msc.o(.text.USBH_MSC_InterfaceInit) refers to usbh_core.o(.text.USBH_SelectInterface) for USBH_SelectInterface
    usbh_msc.o(.text.USBH_MSC_InterfaceInit) refers to calloc.o(.text) for calloc
    usbh_msc.o(.text.USBH_MSC_InterfaceInit) refers to usbh_pipes.o(.text.USBH_AllocPipe) for USBH_AllocPipe
    usbh_msc.o(.text.USBH_MSC_InterfaceInit) refers to usbh_msc_bot.o(.text.USBH_MSC_BOT_Init) for USBH_MSC_BOT_Init
    usbh_msc.o(.text.USBH_MSC_InterfaceInit) refers to usbh_pipes.o(.text.USBH_OpenPipe) for USBH_OpenPipe
    usbh_msc.o(.text.USBH_MSC_InterfaceInit) refers to usbh_conf.o(.text.USBH_LL_SetToggle) for USBH_LL_SetToggle
    usbh_msc.o(.ARM.exidx.text.USBH_MSC_InterfaceInit) refers to usbh_msc.o(.text.USBH_MSC_InterfaceInit) for [Anonymous Symbol]
    usbh_msc.o(.text.USBH_MSC_InterfaceDeInit) refers to usbh_pipes.o(.text.USBH_ClosePipe) for USBH_ClosePipe
    usbh_msc.o(.text.USBH_MSC_InterfaceDeInit) refers to usbh_pipes.o(.text.USBH_FreePipe) for USBH_FreePipe
    usbh_msc.o(.text.USBH_MSC_InterfaceDeInit) refers to malloc.o(i.free) for free
    usbh_msc.o(.ARM.exidx.text.USBH_MSC_InterfaceDeInit) refers to usbh_msc.o(.text.USBH_MSC_InterfaceDeInit) for [Anonymous Symbol]
    usbh_msc.o(.text.USBH_MSC_ClassRequest) refers to usbh_msc_bot.o(.text.USBH_MSC_BOT_REQ_GetMaxLUN) for USBH_MSC_BOT_REQ_GetMaxLUN
    usbh_msc.o(.text.USBH_MSC_ClassRequest) refers to usbh_ctlreq.o(.text.USBH_ClrFeature) for USBH_ClrFeature
    usbh_msc.o(.ARM.exidx.text.USBH_MSC_ClassRequest) refers to usbh_msc.o(.text.USBH_MSC_ClassRequest) for [Anonymous Symbol]
    usbh_msc.o(.text.USBH_MSC_Process) refers to usbh_msc_scsi.o(.text.USBH_MSC_SCSI_TestUnitReady) for USBH_MSC_SCSI_TestUnitReady
    usbh_msc.o(.text.USBH_MSC_Process) refers to usbh_msc_scsi.o(.text.USBH_MSC_SCSI_ReadCapacity) for USBH_MSC_SCSI_ReadCapacity
    usbh_msc.o(.text.USBH_MSC_Process) refers to usbh_msc_scsi.o(.text.USBH_MSC_SCSI_Inquiry) for USBH_MSC_SCSI_Inquiry
    usbh_msc.o(.text.USBH_MSC_Process) refers to usbh_msc_scsi.o(.text.USBH_MSC_SCSI_RequestSense) for USBH_MSC_SCSI_RequestSense
    usbh_msc.o(.ARM.exidx.text.USBH_MSC_Process) refers to usbh_msc.o(.text.USBH_MSC_Process) for [Anonymous Symbol]
    usbh_msc.o(.ARM.exidx.text.USBH_MSC_SOFProcess) refers to usbh_msc.o(.text.USBH_MSC_SOFProcess) for [Anonymous Symbol]
    usbh_msc.o(.ARM.exidx.text.USBH_MSC_IsReady) refers to usbh_msc.o(.text.USBH_MSC_IsReady) for [Anonymous Symbol]
    usbh_msc.o(.ARM.exidx.text.USBH_MSC_GetMaxLUN) refers to usbh_msc.o(.text.USBH_MSC_GetMaxLUN) for [Anonymous Symbol]
    usbh_msc.o(.ARM.exidx.text.USBH_MSC_UnitIsReady) refers to usbh_msc.o(.text.USBH_MSC_UnitIsReady) for [Anonymous Symbol]
    usbh_msc.o(.ARM.exidx.text.USBH_MSC_GetLUNInfo) refers to usbh_msc.o(.text.USBH_MSC_GetLUNInfo) for [Anonymous Symbol]
    usbh_msc.o(.text.USBH_MSC_Read) refers to usbh_msc_scsi.o(.text.USBH_MSC_SCSI_Read) for USBH_MSC_SCSI_Read
[...]
    HAL_I2S_DMAPause                         0x08002f15   Thumb Code   122  stm32f4xx_hal_i2s.o(.text.HAL_I2S_DMAPause)
    HAL_I2S_DMAResume                        0x08002f91   Thumb Code   172  stm32f4xx_hal_i2s.o(.text.HAL_I2S_DMAResume)
    HAL_I2S_DMAStop                          0x0800303d   Thumb Code   716  stm32f4xx_hal_i2s.o(.text.HAL_I2S_DMAStop)
    HAL_I2S_ErrorCallback                    0x08003309   Thumb Code    42  stm32f4_discovery_audio.o(.text.HAL_I2S_ErrorCallback)
    HAL_I2S_GetState                         0x08003335   Thumb Code     6  stm32f4xx_hal_i2s.o(.text.HAL_I2S_GetState)
    HAL_I2S_Init                             0x0800333d   Thumb Code   366  stm32f4xx_hal_i2s.o(.text.HAL_I2S_Init)
    HAL_I2S_MspInit                          0x080034ad   Thumb Code     2  stm32f4xx_hal_i2s.o(.text.HAL_I2S_MspInit)
    HAL_I2S_Receive_DMA                      0x080034b1   Thumb Code   246  stm32f4xx_hal_i2s.o(.text.HAL_I2S_Receive_DMA)
    HAL_I2S_RxCpltCallback                   0x080035a9   Thumb Code     4  stm32f4_discovery_audio.o(.text.HAL_I2S_RxCpltCallback)
    HAL_I2S_RxHalfCpltCallback               0x080035ad   Thumb Code     4  stm32f4_discovery_audio.o(.text.HAL_I2S_RxHalfCpltCallback)
    HAL_I2S_Transmit_DMA                     0x080035b1   Thumb Code   208  stm32f4xx_hal_i2s.o(.text.HAL_I2S_Transmit_DMA)
    HAL_I2S_TxCpltCallback                   0x08003681   Thumb Code    20  stm32f4_discovery_audio.o(.text.HAL_I2S_TxCpltCallback)
    HAL_I2S_TxHalfCpltCallback               0x08003695   Thumb Code    20  stm32f4_discovery_audio.o(.text.HAL_I2S_TxHalfCpltCallback)
    HAL_IncTick                              0x080036a9   Thumb Code    26  stm32f4xx_hal.o(.text.HAL_IncTick)
    HAL_Init                                 0x080036c5   Thumb Code    46  stm32f4xx_hal.o(.text.HAL_Init)
    HAL_InitTick                             0x080036f5   Thumb Code    72  stm32f4xx_hal.o(.text.HAL_InitTick)
    HAL_MspInit                              0x0800373d   Thumb Code     2  stm32f4xx_hal.o(.text.HAL_MspInit)
    HAL_NVIC_EnableIRQ                       0x08003741   Thumb Code    38  stm32f4xx_hal_cortex.o(.text.HAL_NVIC_EnableIRQ)
    HAL_NVIC_SetPriority                     0x08003769   Thumb Code    86  stm32f4xx_hal_cortex.o(.text.HAL_NVIC_SetPriority)
    HAL_NVIC_SetPriorityGrouping             0x080037c1   Thumb Code    32  stm32f4xx_hal_cortex.o(.text.HAL_NVIC_SetPriorityGrouping)
    HAL_RCCEx_GetPeriphCLKConfig             0x080037e1   Thumb Code    50  stm32f4xx_hal_rcc_ex.o(.text.HAL_RCCEx_GetPeriphCLKConfig)
    HAL_RCCEx_GetPeriphCLKFreq               0x08003815   Thumb Code    80  stm32f4xx_hal_rcc_ex.o(.text.HAL_RCCEx_GetPeriphCLKFreq)
    HAL_RCCEx_PeriphCLKConfig                0x08003865   Thumb Code   330  stm32f4xx_hal_rcc_ex.o(.text.HAL_RCCEx_PeriphCLKConfig)
    HAL_RCC_ClockConfig                      0x080039b1   Thumb Code   352  stm32f4xx_hal_rcc.o(.text.HAL_RCC_ClockConfig)
    HAL_RCC_GetPCLK1Freq                     0x08003b11   Thumb Code    38  stm32f4xx_hal_rcc.o(.text.HAL_RCC_GetPCLK1Freq)
    HAL_RCC_GetSysClockFreq                  0x08003b39   Thumb Code   108  stm32f4xx_hal_rcc.o(.text.HAL_RCC_GetSysClockFreq)
    HAL_RCC_OscConfig                        0x08003ba5   Thumb Code   884  stm32f4xx_hal_rcc.o(.text.HAL_RCC_OscConfig)
    HAL_SPI_DeInit                           0x08003f19   Thumb Code    48  stm32f4xx_hal_spi.o(.text.HAL_SPI_DeInit)
    HAL_SPI_GetState                         0x08003f49   Thumb Code     6  stm32f4xx_hal_spi.o(.text.HAL_SPI_GetState)
    HAL_SPI_Init                             0x08003f51   Thumb Code   198  stm32f4xx_hal_spi.o(.text.HAL_SPI_Init)
    HAL_SPI_MspDeInit                        0x08004019   Thumb Code     2  stm32f4xx_hal_spi.o(.text.HAL_SPI_MspDeInit)
    HAL_SPI_MspInit                          0x0800401d   Thumb Code     2  stm32f4xx_hal_spi.o(.text.HAL_SPI_MspInit)
    HAL_SPI_TransmitReceive                  0x08004021   Thumb Code   766  stm32f4xx_hal_spi.o(.text.HAL_SPI_TransmitReceive)
    HAL_SYSTICK_Config                       0x08004321   Thumb Code    44  stm32f4xx_hal_cortex.o(.text.HAL_SYSTICK_Config)
    HAL_TIMEx_BreakCallback                  0x0800434d   Thumb Code     2  stm32f4xx_hal_tim_ex.o(.text.HAL_TIMEx_BreakCallback)
    HAL_TIMEx_CommutCallback                 0x08004351   Thumb Code     2  stm32f4xx_hal_tim_ex.o(.text.HAL_TIMEx_CommutCallback)
    HAL_TIM_IC_CaptureCallback               0x08004355   Thumb Code     2  stm32f4xx_hal_tim.o(.text.HAL_TIM_IC_CaptureCallback)
    HAL_TIM_IRQHandler                       0x08004359   Thumb Code   368  stm32f4xx_hal_tim.o(.text.HAL_TIM_IRQHandler)
    HAL_TIM_OC_ConfigChannel                 0x080044c9   Thumb Code   436  stm32f4xx_hal_tim.o(.text.HAL_TIM_OC_ConfigChannel)
    HAL_TIM_OC_DelayElapsedCallback          0x0800467d   Thumb Code   192  main.o(.text.HAL_TIM_OC_DelayElapsedCallback)
    HAL_TIM_OC_Init                          0x0800473d   Thumb Code    90  stm32f4xx_hal_tim.o(.text.HAL_TIM_OC_Init)
    HAL_TIM_OC_MspInit                       0x08004799   Thumb Code     2  stm32f4xx_hal_tim.o(.text.HAL_TIM_OC_MspInit)
    HAL_TIM_OC_Start_IT                      0x0800479d   Thumb Code   344  stm32f4xx_hal_tim.o(.text.HAL_TIM_OC_Start_IT)
    HAL_TIM_PWM_PulseFinishedCallback        0x080048f5   Thumb Code     2  stm32f4xx_hal_tim.o(.text.HAL_TIM_PWM_PulseFinishedCallback)
    HAL_TIM_PeriodElapsedCallback            0x080048f9   Thumb Code     2  stm32f4xx_hal_tim.o(.text.HAL_TIM_PeriodElapsedCallback)
    HAL_TIM_ReadCapturedValue                0x080048fd   Thumb Code    52  stm32f4xx_hal_tim.o(.text.HAL_TIM_ReadCapturedValue)
    HAL_TIM_TriggerCallback                  0x08004931   Thumb Code     2  stm32f4xx_hal_tim.o(.text.HAL_TIM_TriggerCallback)
    HardFault_Handler                        0x08004935   Thumb Code     2  stm32f4xx_it.o(.text.HardFault_Handler)
    LIS302DL_Click_IntClear                  0x080053c1   Thumb Code    38  lis302dl.o(.text.LIS302DL_Click_IntClear)
    LIS302DL_Click_IntConfig                 0x080053e9   Thumb Code   178  lis302dl.o(.text.LIS302DL_Click_IntConfig)
    LIS302DL_DeInit                          0x0800549d   Thumb Code     2  lis302dl.o(.text.LIS302DL_DeInit)
    LIS302DL_FilterConfig                    0x080054a1   Thumb Code    54  lis302dl.o(.text.LIS302DL_FilterConfig)
    LIS302DL_Init                            0x080054d9   Thumb Code    30  lis302dl.o(.text.LIS302DL_Init)
    LIS302DL_ReadACC                         0x080054f9   Thumb Code    76  lis302dl.o(.text.LIS302DL_ReadACC)
    LIS302DL_ReadID                          0x08005545   Thumb Code    34  lis302dl.o(.text.LIS302DL_ReadID)
    LIS302DL_RebootCmd                       0x08005569   Thumb Code    44  lis302dl.o(.text.LIS302DL_RebootCmd)
    LIS3DSH_Click_IntConfig                  0x08005595   Thumb Code   224  lis3dsh.o(.text.LIS3DSH_Click_IntConfig)
    LIS3DSH_DeInit                           0x08005675   Thumb Code     2  lis3dsh.o(.text.LIS3DSH_DeInit)
    LIS3DSH_Init                             0x08005679   Thumb Code    48  lis3dsh.o(.text.LIS3DSH_Init)
    LIS3DSH_ReadACC                          0x080056a9   Thumb Code   240  lis3dsh.o(.text.LIS3DSH_ReadACC)
    LIS3DSH_ReadID                           0x08005799   Thumb Code    34  lis3dsh.o(.text.LIS3DSH_ReadID)
    LIS3DSH_RebootCmd                        0x080057bd   Thumb Code    44  lis3dsh.o(.text.LIS3DSH_RebootCmd)
    MemManage_Handler                        0x080057e9   Thumb Code     2  stm32f4xx_it.o(.text.MemManage_Handler)
    NMI_Handler                              0x080057ed   Thumb Code     2  stm32f4xx_it.o(.text.NMI_Handler)
    OTG_FS_IRQHandler                        0x080057f1   Thumb Code    12  stm32f4xx_it.o(.text.OTG_FS_IRQHandler)
    PendSV_Handler                           0x080057fd   Thumb Code     2  stm32f4xx_it.o(.text.PendSV_Handler)
    SVC_Handler                              0x080059bd   Thumb Code     2  stm32f4xx_it.o(.text.SVC_Handler)
    SysTick_Handler                          0x080059c1   Thumb Code    38  stm32f4xx_it.o(.text.SysTick_Handler)
    SystemInit                               0x080059e9   Thumb Code    86  system_stm32f4xx.o(.text.SystemInit)
    TIM4_IRQHandler                          0x08005a41   Thumb Code    12  stm32f4xx_it.o(.text.TIM4_IRQHandler)
    TIM_Base_SetConfig                       0x08005a4d   Thumb Code   316  stm32f4xx_hal_tim.o(.text.TIM_Base_SetConfig)
    USBH_AllocPipe                           0x08005b89   Thumb Code   210  usbh_pipes.o(.text.USBH_AllocPipe)
    USBH_BulkReceiveData                     0x08005c5d   Thumb Code    40  usbh_ioreq.o(.text.USBH_BulkReceiveData)
    USBH_BulkSendData                        0x08005c85   Thumb Code    50  usbh_ioreq.o(.text.USBH_BulkSendData)
    USBH_ClosePipe                           0x08005cb9   Thumb Code    10  usbh_pipes.o(.text.USBH_ClosePipe)
    USBH_ClrFeature                          0x08005cc5   Thumb Code    26  usbh_ctlreq.o(.text.USBH_ClrFeature)
    USBH_CtlReceiveData                      0x08005ce1   Thumb Code    40  usbh_ioreq.o(.text.USBH_CtlReceiveData)
    USBH_CtlReq                              0x08005d09   Thumb Code   504  usbh_ctlreq.o(.text.USBH_CtlReq)
    USBH_CtlSendData                         0x08005f01   Thumb Code    50  usbh_ioreq.o(.text.USBH_CtlSendData)
    USBH_CtlSendSetup                        0x08005f35   Thumb Code    36  usbh_ioreq.o(.text.USBH_CtlSendSetup)
    USBH_Delay                               0x08005f59   Thumb Code     4  usbh_conf.o(.text.USBH_Delay)
    USBH_FindInterface                       0x08005f5d   Thumb Code  1222  usbh_core.o(.text.USBH_FindInterface)
    USBH_FreePipe                            0x08006425   Thumb Code    24  usbh_pipes.o(.text.USBH_FreePipe)
    USBH_Get_CfgDesc                         0x0800643d   Thumb Code   594  usbh_ctlreq.o(.text.USBH_Get_CfgDesc)
    USBH_Get_DevDesc                         0x08006691   Thumb Code   154  usbh_ctlreq.o(.text.USBH_Get_DevDesc)
    USBH_Get_StringDesc                      0x0800672d   Thumb Code   168  usbh_ctlreq.o(.text.USBH_Get_StringDesc)
    USBH_Init                                0x080067d5   Thumb Code   104  usbh_core.o(.text.USBH_Init)
    USBH_LL_ClosePipe                        0x0800683d   Thumb Code    14  usbh_conf.o(.text.USBH_LL_ClosePipe)
    USBH_LL_Connect                          0x0800684d   Thumb Code    22  usbh_core.o(.text.USBH_LL_Connect)
    USBH_LL_Disconnect                       0x08006865   Thumb Code    46  usbh_core.o(.text.USBH_LL_Disconnect)
    USBH_LL_DriverVBUS                       0x08006895   Thumb Code    32  usbh_conf.o(.text.USBH_LL_DriverVBUS)
    USBH_LL_GetLastXferSize                  0x080068b5   Thumb Code     8  usbh_conf.o(.text.USBH_LL_GetLastXferSize)
    USBH_LL_GetSpeed                         0x080068bd   Thumb Code    20  usbh_conf.o(.text.USBH_LL_GetSpeed)
    USBH_LL_GetToggle                        0x080068d1   Thumb Code    34  usbh_conf.o(.text.USBH_LL_GetToggle)
    USBH_LL_GetURBState                      0x080068f5   Thumb Code     8  usbh_conf.o(.text.USBH_LL_GetURBState)
    USBH_LL_IncTimer                         0x080068fd   Thumb Code    30  usbh_core.o(.text.USBH_LL_IncTimer)
    USBH_LL_Init                             0x0800691d   Thumb Code    82  usbh_conf.o(.text.USBH_LL_Init)
    USBH_LL_OpenPipe                         0x08006971   Thumb Code    30  usbh_conf.o(.text.USBH_LL_OpenPipe)
    USBH_LL_PortDisabled                     0x08006991   Thumb Code     8  usbh_core.o(.text.USBH_LL_PortDisabled)
    USBH_LL_PortEnabled                      0x08006999   Thumb Code     8  usbh_core.o(.text.USBH_LL_PortEnabled)
    USBH_LL_ResetPort                        0x080069a1   Thumb Code    14  usbh_conf.o(.text.USBH_LL_ResetPort)
    USBH_LL_SetTimer                         0x080069b1   Thumb Code     6  usbh_core.o(.text.USBH_LL_SetTimer)
    USBH_LL_SetToggle                        0x080069b9   Thumb Code    34  usbh_conf.o(.text.USBH_LL_SetToggle)
    USBH_LL_Start                            0x080069dd   Thumb Code    14  usbh_conf.o(.text.USBH_LL_Start)
    USBH_LL_Stop                             0x080069ed   Thumb Code    14  usbh_conf.o(.text.USBH_LL_Stop)
    USBH_LL_SubmitURB                        0x080069fd   Thumb Code    34  usbh_conf.o(.text.USBH_LL_SubmitURB)
    USBH_MSC_BOT_Init                        0x08006a21   Thumb Code    40  usbh_msc_bot.o(.text.USBH_MSC_BOT_Init)
    USBH_MSC_BOT_Process                     0x08006a49   Thumb Code   628  usbh_msc_bot.o(.text.USBH_MSC_BOT_Process)
    USBH_MSC_BOT_REQ_GetMaxLUN               0x08006cbd   Thumb Code    22  usbh_msc_bot.o(.text.USBH_MSC_BOT_REQ_GetMaxLUN)
    USBH_MSC_GetLUNInfo                      0x08006d4d   Thumb Code    84  usbh_msc.o(.text.USBH_MSC_GetLUNInfo)
    USBH_MSC_Read                            0x08007189   Thumb Code   146  usbh_msc.o(.text.USBH_MSC_Read)
    USBH_MSC_SCSI_Inquiry                    0x0800721d   Thumb Code   176  usbh_msc_scsi.o(.text.USBH_MSC_SCSI_Inquiry)
    USBH_MSC_SCSI_Read                       0x080072cd   Thumb Code   136  usbh_msc_scsi.o(.text.USBH_MSC_SCSI_Read)
    USBH_MSC_SCSI_ReadCapacity               0x08007355   Thumb Code   112  usbh_msc_scsi.o(.text.USBH_MSC_SCSI_ReadCapacity)
    USBH_MSC_SCSI_RequestSense               0x080073c5   Thumb Code   128  usbh_msc_scsi.o(.text.USBH_MSC_SCSI_RequestSense)
    USBH_MSC_SCSI_TestUnitReady              0x08007445   Thumb Code    72  usbh_msc_scsi.o(.text.USBH_MSC_SCSI_TestUnitReady)
    USBH_MSC_SCSI_Write                      0x0800748d   Thumb Code   132  usbh_msc_scsi.o(.text.USBH_MSC_SCSI_Write)
    USBH_MSC_UnitIsReady                     0x08007515   Thumb Code    34  usbh_msc.o(.text.USBH_MSC_UnitIsReady)
    USBH_MSC_Write                           0x08007539   Thumb Code   146  usbh_msc.o(.text.USBH_MSC_Write)
    USBH_OpenPipe                            0x080075cd   Thumb Code    26  usbh_pipes.o(.text.USBH_OpenPipe)
    USBH_Process                             0x080075e9   Thumb Code  1208  usbh_core.o(.text.USBH_Process)
    USBH_RegisterClass                       0x08007aa1   Thumb Code    26  usbh_core.o(.text.USBH_RegisterClass)
    USBH_SelectInterface                     0x08007abd   Thumb Code    18  usbh_core.o(.text.USBH_SelectInterface)
    USBH_SetAddress                          0x08007ad1   Thumb Code    26  usbh_ctlreq.o(.text.USBH_SetAddress)
    USBH_SetCfg                              0x08007aed   Thumb Code    26  usbh_ctlreq.o(.text.USBH_SetCfg)
    USBH_SetFeature                          0x08007b09   Thumb Code    26  usbh_ctlreq.o(.text.USBH_SetFeature)
    USBH_Start                               0x08007b25   Thumb Code    20  usbh_core.o(.text.USBH_Start)
    USBH_initialize                          0x08007b7d   Thumb Code     4  usbh_diskio_dma.o(.text.USBH_initialize)
    USBH_ioctl                               0x08007b81   Thumb Code   130  usbh_diskio_dma.o(.text.USBH_ioctl)
    USBH_read                                0x08007c05   Thumb Code   188  usbh_diskio_dma.o(.text.USBH_read)
    USBH_status                              0x08007cc1   Thumb Code    24  usbh_diskio_dma.o(.text.USBH_status)
    USBH_write                               0x08007cd9   Thumb Code   204  usbh_diskio_dma.o(.text.USBH_write)
    USB_CoreInit                             0x08007da5   Thumb Code   478  stm32f4xx_ll_usb.o(.text.USB_CoreInit)
    USB_DisableGlobalInt                     0x08007f85   Thumb Code    14  stm32f4xx_ll_usb.o(.text.USB_DisableGlobalInt)
    USB_DriveVbus                            0x08007f95   Thumb Code    76  stm32f4xx_ll_usb.o(.text.USB_DriveVbus)
    USB_EnableGlobalInt                      0x08007fe1   Thumb Code    14  stm32f4xx_ll_usb.o(.text.USB_EnableGlobalInt)
    USB_FlushRxFifo                          0x08007ff1   Thumb Code   182  stm32f4xx_ll_usb.o(.text.USB_FlushRxFifo)
    USB_FlushTxFifo                          0x080080a9   Thumb Code   182  stm32f4xx_ll_usb.o(.text.USB_FlushTxFifo)
    USB_GetCurrentFrame                      0x08008161   Thumb Code     8  stm32f4xx_ll_usb.o(.text.USB_GetCurrentFrame)
    USB_GetHostSpeed                         0x08008169   Thumb Code    22  stm32f4xx_ll_usb.o(.text.USB_GetHostSpeed)
    USB_GetMode                              0x08008181   Thumb Code     8  stm32f4xx_ll_usb.o(.text.USB_GetMode)
    USB_HC_Halt                              0x08008189   Thumb Code   350  stm32f4xx_ll_usb.o(.text.USB_HC_Halt)
    USB_HC_Init                              0x080082e9   Thumb Code   280  stm32f4xx_ll_usb.o(.text.USB_HC_Init)
    USB_HC_ReadInterrupt                     0x08008401   Thumb Code     8  stm32f4xx_ll_usb.o(.text.USB_HC_ReadInterrupt)
    USB_HC_StartXfer                         0x08008409   Thumb Code   470  stm32f4xx_ll_usb.o(.text.USB_HC_StartXfer)
    USB_HostInit                             0x080085e1   Thumb Code   628  stm32f4xx_ll_usb.o(.text.USB_HostInit)
    USB_InitFSLSPClkSel                      0x08008855   Thumb Code    56  stm32f4xx_ll_usb.o(.text.USB_InitFSLSPClkSel)
    USB_ReadInterrupts                       0x0800888d   Thumb Code     8  stm32f4xx_ll_usb.o(.text.USB_ReadInterrupts)
    USB_ReadPacket                           0x08008895   Thumb Code   170  stm32f4xx_ll_usb.o(.text.USB_ReadPacket)
    USB_ResetPort                            0x08008941   Thumb Code    62  stm32f4xx_ll_usb.o(.text.USB_ResetPort)
    USB_SetCurrentMode                       0x08008981   Thumb Code   100  stm32f4xx_ll_usb.o(.text.USB_SetCurrentMode)
    USB_StopHost                             0x080089e5   Thumb Code  2336  stm32f4xx_ll_usb.o(.text.USB_StopHost)
    UsageFault_Handler                       0x08009305   Thumb Code     2  stm32f4xx_it.o(.text.UsageFault_Handler)
    WavePlayBack                             0x08009309   Thumb Code   450  waveplayer.o(.text.WavePlayBack)
    WavePlayerStart                          0x080094cd   Thumb Code   136  waveplayer.o(.text.WavePlayerStart)
    WavePlayer_CallBack                      0x08009575   Thumb Code   104  waveplayer.o(.text.WavePlayer_CallBack)
    WaveRecorderProcess                      0x080095dd   Thumb Code   510  waverecorder.o(.text.WaveRecorderProcess)
    cs43l22_DeInit                           0x08009909   Thumb Code     4  cs43l22.o(.text.cs43l22_DeInit)
    cs43l22_Init                             0x0800990d   Thumb Code   234  cs43l22.o(.text.cs43l22_Init)
    cs43l22_Pause                            0x080099f9   Thumb Code    48  cs43l22.o(.text.cs43l22_Pause)
    cs43l22_Play                             0x08009a29   Thumb Code    74  cs43l22.o(.text.cs43l22_Play)
    cs43l22_ReadID                           0x08009a75   Thumb Code    22  cs43l22.o(.text.cs43l22_ReadID)
    cs43l22_Reset                            0x08009a8d   Thumb Code     4  cs43l22.o(.text.cs43l22_Reset)
    cs43l22_Resume                           0x08009a91   Thumb Code   130  cs43l22.o(.text.cs43l22_Resume)
    cs43l22_SetFrequency                     0x08009b15   Thumb Code     4  cs43l22.o(.text.cs43l22_SetFrequency)
    cs43l22_SetMute                          0x08009b19   Thumb Code    84  cs43l22.o(.text.cs43l22_SetMute)
    cs43l22_SetOutputMode                    0x08009b6d   Thumb Code    50  cs43l22.o(.text.cs43l22_SetOutputMode)
    cs43l22_SetVolume                        0x08009ba1   Thumb Code    54  cs43l22.o(.text.cs43l22_SetVolume)
    cs43l22_Stop                             0x08009bd9   Thumb Code    70  cs43l22.o(.text.cs43l22_Stop)
    disk_initialize                          0x0800b16d   Thumb Code    36  diskio.o(.text.disk_initialize)
    disk_ioctl                               0x0800b191   Thumb Code    22  diskio.o(.text.disk_ioctl)
    disk_read                                0x0800b1a9   Thumb Code    32  diskio.o(.text.disk_read)
    disk_status                              0x0800b1c9   Thumb Code    22  diskio.o(.text.disk_status)
    disk_write                               0x0800b1e1   Thumb Code    32  diskio.o(.text.disk_write)
    f_close                                  0x0800b201   Thumb Code   104  ff.o(.text.f_close)
    f_lseek                                  0x0800b269   Thumb Code   794  ff.o(.text.f_lseek)
    f_mount                                  0x0800b585   Thumb Code   280  ff.o(.text.f_mount)
    f_open                                   0x0800b69d   Thumb Code  1040  ff.o(.text.f_open)
    f_opendir                                0x0800baad   Thumb Code   404  ff.o(.text.f_opendir)
    f_read                                   0x0800bc41   Thumb Code   760  ff.o(.text.f_read)
    f_sync                                   0x0800bf39   Thumb Code   190  ff.o(.text.f_sync)
    f_unlink                                 0x0800bff9   Thumb Code   290  ff.o(.text.f_unlink)
    f_write                                  0x0800c11d   Thumb Code   778  ff.o(.text.f_write)
    ff_convert                               0x0800c429   Thumb Code   306  unicode.o(.text.ff_convert)
    ff_memalloc                              0x0800c55d   Thumb Code     4  syscall.o(.text.ff_memalloc)
    ff_memfree                               0x0800c561   Thumb Code     4  syscall.o(.text.ff_memfree)
    ff_wtoupper                              0x0800c565   Thumb Code   208  unicode.o(.text.ff_wtoupper)
    get_fattime                              0x0800d319   Thumb Code     4  diskio.o(.text.get_fattime)
    main                                     0x0800d3bd   Thumb Code   626  main.o(.text.main)
    CRC_Lock                                 0x0800d9ed   Thumb Code    82  stm32_crc_lock.o(i.CRC_Lock)
    PDM_Filter                               0x0800f805   Thumb Code    40  pdm_filter.o(i.PDM_Filter)
    PDM_Filter_Init                          0x0800f831   Thumb Code   280  pdm_filter.o(i.PDM_Filter_Init)
    PDM_Filter_setConfig                     0x0800f95d   Thumb Code   442  pdm_filter.o(i.PDM_Filter_setConfig)
    __ARM_fpclassifyf                        0x0800fb6d   Thumb Code    38  fpclassifyf.o(i.__ARM_fpclassifyf)
    __hardfp_powf                            0x0800fb95   Thumb Code  1606  powf.o(i.__hardfp_powf)
    __mathlib_powf                           0x0800fb95   Thumb Code     0  powf.o(i.__hardfp_powf)
    __hardfp_roundf                          0x080101f9   Thumb Code   154  roundf.o(i.__hardfp_roundf)
    __mathlib_flt_divzero                    0x08010295   Thumb Code    14  funder.o(i.__mathlib_flt_divzero)
    __mathlib_flt_infnan2                    0x080102a9   Thumb Code     6  funder.o(i.__mathlib_flt_infnan2)
    __mathlib_flt_invalid                    0x080102b1   Thumb Code    10  funder.o(i.__mathlib_flt_invalid)
    __mathlib_flt_overflow                   0x080102c1   Thumb Code    10  funder.o(i.__mathlib_flt_overflow)
    __mathlib_flt_underflow                  0x080102d1   Thumb Code    10  funder.o(i.__mathlib_flt_underflow)
    __scatterload_copy                       0x080102e1   Thumb Code    14  handlers.o(i.__scatterload_copy)
    __scatterload_null                       0x080102ef   Thumb Code     2  handlers.o(i.__scatterload_null)
    __scatterload_zeroinit                   0x080102f1   Thumb Code    14  handlers.o(i.__scatterload_zeroinit)
    __set_errno                              0x08010301   Thumb Code     6  errno.o(i.__set_errno)
    free                                     0x0801030d   Thumb Code    76  malloc.o(i.free)
    malloc                                   0x0801035d   Thumb Code    92  malloc.o(i.malloc)
    AHBPrescTable                            0x08010508   Data          16  system_stm32f4xx.o(.rodata.AHBPrescTable)
    APBPrescTable                            0x08010518   Data           8  system_stm32f4xx.o(.rodata.APBPrescTable)
    GPIO_PIN                                 0x080105a0   Data           8  stm32f4_discovery.o(.rodata.GPIO_PIN)
    I2SPLLN                                  0x080105a8   Data          32  stm32f4_discovery_audio.o(.rodata.I2SPLLN)
    I2SPLLR                                  0x080105c8   Data          32  stm32f4_discovery_audio.o(.rodata.I2SPLLR)
    USBH_Driver                              0x080106e8   Data          20  usbh_diskio_dma.o(.rodata.USBH_Driver)
    Region$$Table$$Base                      0x080109e0   Number         0  anon$$obj.o(Region$$Table)
    Region$$Table$$Limit                     0x08010a00   Number         0  anon$$obj.o(Region$$Table)
    __microlib_freelist                      0x20000404   Data           4  mvars.o(.data)
    __microlib_freelist_initialised          0x20000408   Data           4  mvars.o(.data)
    uwTickFreq                               0x20000410   Data           1  stm32f4xx_hal.o(.data..L_MergedGlobals)
    uwTickPrio                               0x20000414   Data           4  stm32f4xx_hal.o(.data..L_MergedGlobals)
    BUTTON_PORT                              0x20000418   Data           4  stm32f4_discovery.o(.data.BUTTON_PORT)
    CCR1Val                                  0x2000041c   Data           2  main.o(.data.CCR1Val)
    GPIO_PORT                                0x20000420   Data          16  stm32f4_discovery.o(.data.GPIO_PORT)
    I2cxTimeout                              0x20000430   Data           4  stm32f4_discovery.o(.data.I2cxTimeout)
    Lis302dlDrv                              0x20000434   Data          52  lis302dl.o(.data.Lis302dlDrv)
    Lis3dshDrv                               0x20000468   Data          52  lis3dsh.o(.data.Lis3dshDrv)
    PauseResumeStatus                        0x2000049c   Data           4  main.o(.data.PauseResumeStatus)
    SpixTimeout                              0x200004a0   Data           4  stm32f4_discovery.o(.data.SpixTimeout)
    SystemCoreClock                          0x200004a4   Data           4  system_stm32f4xx.o(.data.SystemCoreClock)
    USBH_msc                                 0x200004a8   Data          32  usbh_msc.o(.data.USBH_msc)
    cs43l22_drv                              0x200004c8   Data          48  cs43l22.o(.data.cs43l22_drv)
    OutputDev                                0x200004f8   Data           1  cs43l22.o(.bss..L_MergedGlobals)
    buffer_offset                            0x200004fc   Data           1  waveplayer.o(.bss..L_MergedGlobals)
    AudioPlayStart                           0x20000500   Data           4  waveplayer.o(.bss..L_MergedGlobals)
    LEDsState                                0x2000050c   Data           4  waveplayer.o(.bss..L_MergedGlobals)
    Directory                                0x20000510   Data          52  waveplayer.o(.bss..L_MergedGlobals)
    WaveCounter                              0x20000544   Data           4  waverecorder.o(.bss..L_MergedGlobals)
    WaveRecStatus                            0x20000548   Data           4  waverecorder.o(.bss..L_MergedGlobals)
    ITCounter                                0x2000054c   Data           4  waverecorder.o(.bss..L_MergedGlobals)
    AUDIODataReady                           0x20000550   Data           4  waverecorder.o(.bss..L_MergedGlobals)
    AUDIOBuffOffset                          0x20000554   Data           4  waverecorder.o(.bss..L_MergedGlobals)
    BufferCtl                                0x20000558   Data           8  waverecorder.o(.bss..L_MergedGlobals)
    pHeaderBuff                              0x20000560   Data          44  waverecorder.o(.bss..L_MergedGlobals)
    WaveFormat                               0x2000058c   Data          44  waverecorder.o(.bss..L_MergedGlobals)
    MemsID                                   0x200005b8   Data           1  main.o(.bss..L_MergedGlobals)
    AppliState                               0x200005b9   Data           1  main.o(.bss..L_MergedGlobals)
    PressCount                               0x200005bc   Data           4  main.o(.bss..L_MergedGlobals)
    RepeatState                              0x200005c0   Data           4  main.o(.bss..L_MergedGlobals)
    CmdIndex                                 0x200005c4   Data           4  main.o(.bss..L_MergedGlobals)
    PbPressCheck                             0x200005c8   Data           4  main.o(.bss..L_MergedGlobals)
    USBDISKPath                              0x200005cc   Data           4  main.o(.bss..L_MergedGlobals)
    sConfigLed                               0x200005d0   Data          28  main.o(.bss..L_MergedGlobals)
    hTimLed                                  0x200005ec   Data          72  main.o(.bss..L_MergedGlobals)
    PDM_FilterConfig                         0x20000660   Data          12  stm32f4_discovery_audio.o(.bss..L_MergedGlobals)
    hAudioInI2s                              0x2000066c   Data          72  stm32f4_discovery_audio.o(.bss..L_MergedGlobals)
    Audio_Buffer                             0x200006b8   Data        4096  waveplayer.o(.bss.Audio_Buffer)
    FileRead                                 0x20001778   Data         560  waveplayer.o(.bss.FileRead)
    PDM_FilterHandler                        0x20001afc   Data         152  stm32f4_discovery_audio.o(.bss.PDM_FilterHandler)
    TimeRecBase                              0x20001c2c   Data           4  stm32f4xx_it.o(.bss.TimeRecBase)
    USBDISKFatFs                             0x20001c30   Data         564  main.o(.bss.USBDISKFatFs)
    WavFile                                  0x20001e64   Data         560  waverecorder.o(.bss.WavFile)
    WrBuffer                                 0x20002094   Data        8192  waverecorder.o(.bss.WrBuffer)
    disk                                     0x20004094   Data          16  ff_gen_drv.o(.bss.disk)
    hAudioOutI2s                             0x200040a4   Data          72  stm32f4_discovery_audio.o(.bss.hAudioOutI2s)
    hUSB_Host                                0x200040ec   Data        1448  main.o(.bss.hUSB_Host)
    hhcd                                     0x20004694   Data         772  usbh_conf.o(.bss.hhcd)
    uwTick                                   0x20004b98   Data           4  stm32f4xx_hal.o(.bss.uwTick)
    __heap_base                              0x20004ba0   Data           0  startup_stm32f407xx.o(HEAP)
    __heap_limit                             0x20006ba0   Data           0  startup_stm32f407xx.o(HEAP)
    __initial_sp                             0x20008ba0   Data           0  startup_stm32f407xx.o(STACK)



==============================================================================

Memory Map of the image

  Image Entry point : 0x08000189

  Load Region LR_IROM1 (Base: 0x08000000, Size: 0x00010ef8, Max: 0x00100000, ABSOLUTE, COMPRESSED[0x00010eb0])

    Execution Region ER_IROM1 (Exec base: 0x08000000, Load base: 0x08000000, Size: 0x00010a00, Max: 0x00100000, ABSOLUTE)

    Exec Addr    Load Addr    Size         Type   Attr      Idx    E Section Name        Object

    0x08000000   0x08000000   0x00000188   Data   RO           73    RESET               startup_stm32f407xx.o
    0x08000188   0x08000188   0x00000000   Code   RO         2021  * .ARM.Collect$$$$00000000  mc_w.l(entry.o)
    0x08000188   0x08000188   0x00000004   Code   RO         2078    .ARM.Collect$$$$00000001  mc_w.l(entry2.o)
    0x0800018c   0x0800018c   0x00000004   Code   RO         2081    .ARM.Collect$$$$00000004  mc_w.l(entry5.o)
    0x08000190   0x08000190   0x00000000   Code   RO         2083    .ARM.Collect$$$$00000008  mc_w.l(entry7b.o)
    0x08000190   0x08000190   0x00000000   Code   RO         2085    .ARM.Collect$$$$0000000A  mc_w.l(entry8b.o)
    0x08000190   0x08000190   0x00000008   Code   RO         2086    .ARM.Collect$$$$0000000B  mc_w.l(entry9a.o)
    0x08000198   0x08000198   0x00000000   Code   RO         2088    .ARM.Collect$$$$0000000D  mc_w.l(entry10a.o)
    0x08000198   0x08000198   0x00000000   Code   RO         2090    .ARM.Collect$$$$0000000F  mc_w.l(entry11a.o)
    0x08000198   0x08000198   0x00000004   Code   RO         2079    .ARM.Collect$$$$00002712  mc_w.l(entry2.o)
    0x0800019c   0x0800019c   0x00000004   Code   RO         1965    .rev16_text         libPDMFilter_CM4_Keil_wc16.lib(pdm_filter.o)
    0x080001a0   0x080001a0   0x00000024   Code   RO           74    .text               startup_stm32f407xx.o
    0x080001c4   0x080001c4   0x00000062   Code   RO         2024    .text               mc_w.l(uldiv.o)
    0x08000226   0x08000226   0x00000024   Code   RO         2026    .text               mc_w.l(memcpya.o)
    0x0800024a   0x0800024a   0x00000024   Code   RO         2028    .text               mc_w.l(memseta.o)
    0x0800026e   0x0800026e   0x0000001c   Code   RO         2060    .text               mc_w.l(calloc.o)
    0x0800028a   0x0800028a   0x0000001e   Code   RO         2092    .text               mc_w.l(llshl.o)
    0x080002a8   0x080002a8   0x00000020   Code   RO         2094    .text               mc_w.l(llushr.o)
    0x080002c8   0x080002c8   0x00000000   Code   RO         2105    .text               mc_w.l(iusefp.o)
    0x080002c8   0x080002c8   0x0000003c   Code   RO         2106    .text               mf_w.l(frnd.o)
    0x08000304   0x08000304   0x00000004   Code   RO         2108    .text               mf_w.l(fpstat.o)
    0x08000308   0x08000308   0x00000024   Code   RO         2110    .text               mc_w.l(init.o)
    0x0800032c   0x0800032c   0x0000006e   Code   RO         2112    .text               mf_w.l(fepilogue.o)
    0x0800039a   0x0800039a   0x0000003a   Code   RO         2122    .text               mc_w.l(__dczerorl.o)
    0x080003d4   0x080003d4   0x00000052   Code   RO         1912    .text.ACCELERO_IO_ITConfig  stm32f4_discovery.o
    0x08000426   0x08000426   0x00000002   PAD
    0x08000428   0x08000428   0x00000050   Code   RO         1908    .text.ACCELERO_IO_Init  stm32f4_discovery.o
    0x08000478   0x08000478   0x000000ce   Code   RO         1916    .text.ACCELERO_IO_Read  stm32f4_discovery.o
    0x08000546   0x08000546   0x00000002   PAD
    0x08000548   0x08000548   0x000000ce   Code   RO         1914    .text.ACCELERO_IO_Write  stm32f4_discovery.o
    0x08000616   0x08000616   0x00000002   PAD
    0x08000618   0x08000618   0x00000002   Code   RO         1922    .text.AUDIO_IO_DeInit  stm32f4_discovery.o
    0x0800061a   0x0800061a   0x00000002   PAD
    0x0800061c   0x0800061c   0x00000068   Code   RO         1918    .text.AUDIO_IO_Init  stm32f4_discovery.o
    0x08000684   0x08000684   0x00000050   Code   RO         1926    .text.AUDIO_IO_Read  stm32f4_discovery.o
    0x080006d4   0x080006d4   0x0000004c   Code   RO         1924    .text.AUDIO_IO_Write  stm32f4_discovery.o
    0x08000720   0x08000720   0x00000014   Code   RO         1953    .text.BSP_ACCELERO_Click_ITClear  stm32f4_discovery_accelerometer.o
    0x08000734   0x08000734   0x00000014   Code   RO         1951    .text.BSP_ACCELERO_Click_ITConfig  stm32f4_discovery_accelerometer.o
    0x08000748   0x08000748   0x00000058   Code   RO         1945    .text.BSP_ACCELERO_Init  stm32f4_discovery_accelerometer.o
    0x080007a0   0x080007a0   0x00000016   Code   RO         1947    .text.BSP_ACCELERO_ReadID  stm32f4_discovery_accelerometer.o
    0x080007b6   0x080007b6   0x00000002   PAD
    0x080007b8   0x080007b8   0x00000036   Code   RO         1847    .text.BSP_AUDIO_IN_ClockConfig  stm32f4_discovery_audio.o
    0x080007ee   0x080007ee   0x00000002   PAD
    0x080007f0   0x080007f0   0x00000002   Code   RO         1873    .text.BSP_AUDIO_IN_Error_Callback  stm32f4_discovery_audio.o
    0x080007f2   0x080007f2   0x00000002   PAD
    0x080007f4   0x080007f4   0x00000068   Code   RO         1649    .text.BSP_AUDIO_IN_HalfTransfer_CallBack  waverecorder.o
    0x0800085c   0x0800085c   0x00000100   Code   RO         1845    .text.BSP_AUDIO_IN_Init  stm32f4_discovery_audio.o
    0x0800095c   0x0800095c   0x0000010a   Code   RO         1849    .text.BSP_AUDIO_IN_MspInit  stm32f4_discovery_audio.o
    0x08000a66   0x08000a66   0x00000002   PAD
    0x08000a68   0x08000a68   0x0000031c   Code   RO         1861    .text.BSP_AUDIO_IN_PDMToPCM  stm32f4_discovery_audio.o
    0x08000d84   0x08000d84   0x0000001a   Code   RO         1851    .text.BSP_AUDIO_IN_Record  stm32f4_discovery_audio.o
    0x08000d9e   0x08000d9e   0x00000002   PAD
    0x08000da0   0x08000da0   0x00000014   Code   RO         1853    .text.BSP_AUDIO_IN_Stop  stm32f4_discovery_audio.o
    0x08000db4   0x08000db4   0x0000006c   Code   RO         1647    .text.BSP_AUDIO_IN_TransferComplete_CallBack  waverecorder.o
    0x08000e20   0x08000e20   0x00000010   Code   RO         1817    .text.BSP_AUDIO_OUT_ChangeBuffer  stm32f4_discovery_audio.o
    0x08000e30   0x08000e30   0x00000092   Code   RO         1811    .text.BSP_AUDIO_OUT_ClockConfig  stm32f4_discovery_audio.o
    0x08000ec2   0x08000ec2   0x00000002   PAD
    0x08000ec4   0x08000ec4   0x00000002   Code   RO         1624    .text.BSP_AUDIO_OUT_Error_CallBack  waveplayer.o
    0x08000ec6   0x08000ec6   0x00000002   PAD
    0x08000ec8   0x08000ec8   0x0000000e   Code   RO         1620    .text.BSP_AUDIO_OUT_HalfTransfer_CallBack  waveplayer.o
    0x08000ed6   0x08000ed6   0x00000002   PAD
    0x08000ed8   0x08000ed8   0x00000098   Code   RO         1809    .text.BSP_AUDIO_OUT_Init  stm32f4_discovery_audio.o
    0x08000f70   0x08000f70   0x0000012c   Code   RO         1813    .text.BSP_AUDIO_OUT_MspInit  stm32f4_discovery_audio.o
    0x0800109c   0x0800109c   0x00000028   Code   RO         1819    .text.BSP_AUDIO_OUT_Pause  stm32f4_discovery_audio.o
    0x080010c4   0x080010c4   0x00000040   Code   RO         1815    .text.BSP_AUDIO_OUT_Play  stm32f4_discovery_audio.o
    0x08001104   0x08001104   0x00000028   Code   RO         1821    .text.BSP_AUDIO_OUT_Resume  stm32f4_discovery_audio.o
    0x0800112c   0x0800112c   0x0000004c   Code   RO         1823    .text.BSP_AUDIO_OUT_Stop  stm32f4_discovery_audio.o
    0x08001178   0x08001178   0x0000001c   Code   RO         1622    .text.BSP_AUDIO_OUT_TransferComplete_CallBack  waveplayer.o
    0x08001194   0x08001194   0x000000cc   Code   RO         1896    .text.BSP_LED_Init  stm32f4_discovery.o
    0x08001260   0x08001260   0x00000020   Code   RO         1900    .text.BSP_LED_Off   stm32f4_discovery.o
    0x08001280   0x08001280   0x00000020   Code   RO         1898    .text.BSP_LED_On    stm32f4_discovery.o
    0x080012a0   0x080012a0   0x0000001e   Code   RO         1902    .text.BSP_LED_Toggle  stm32f4_discovery.o
    0x080012be   0x080012be   0x00000002   PAD
    0x080012c0   0x080012c0   0x0000008a   Code   RO         1904    .text.BSP_PB_Init   stm32f4_discovery.o
    0x0800134a   0x0800134a   0x00000002   PAD
    0x0800134c   0x0800134c   0x00000002   Code   RO         1525    .text.BusFault_Handler  stm32f4xx_it.o
    0x0800134e   0x0800134e   0x00000002   PAD
    0x08001350   0x08001350   0x0000000e   Code   RO         1543    .text.DMA1_Stream3_IRQHandler  stm32f4xx_it.o
    0x0800135e   0x0800135e   0x00000002   PAD
    0x08001360   0x08001360   0x0000000e   Code   RO         1541    .text.DMA1_Stream7_IRQHandler  stm32f4xx_it.o
    0x0800136e   0x0800136e   0x00000002   PAD
    0x08001370   0x08001370   0x00000002   Code   RO         1531    .text.DebugMon_Handler  stm32f4xx_it.o
    0x08001372   0x08001372   0x00000002   PAD
    0x08001374   0x08001374   0x00000006   Code   RO         1537    .text.EXTI0_IRQHandler  stm32f4xx_it.o
    0x0800137a   0x0800137a   0x00000002   PAD
    0x0800137c   0x0800137c   0x00000006   Code   RO         1539    .text.EXTI1_IRQHandler  stm32f4xx_it.o
    0x08001382   0x08001382   0x00000002   PAD
    0x08001384   0x08001384   0x0000000a   Code   RO         1667    .text.Error_Handler  main.o
    0x0800138e   0x0800138e   0x00000002   PAD
    0x08001390   0x08001390   0x0000004c   Code   RO         1792    .text.FATFS_LinkDriver  ff_gen_drv.o
    0x080013dc   0x080013dc   0x0000008e   Code   RO          205    .text.HAL_DMA_Abort  stm32f4xx_hal_dma.o
    0x0800146a   0x0800146a   0x00000002   PAD
    0x0800146c   0x0800146c   0x0000008c   Code   RO          199    .text.HAL_DMA_DeInit  stm32f4xx_hal_dma.o
    0x080014f8   0x080014f8   0x000001c0   Code   RO          211    .text.HAL_DMA_IRQHandler  stm32f4xx_hal_dma.o
    0x080016b8   0x080016b8   0x00000162   Code   RO          197    .text.HAL_DMA_Init  stm32f4xx_hal_dma.o
    0x0800181a   0x0800181a   0x00000002   PAD
    0x0800181c   0x0800181c   0x0000009e   Code   RO          203    .text.HAL_DMA_Start_IT  stm32f4xx_hal_dma.o
    0x080018ba   0x080018ba   0x00000002   PAD
    0x080018bc   0x080018bc   0x00000028   Code   RO          895    .text.HAL_Delay     stm32f4xx_hal.o
    0x080018e4   0x080018e4   0x0000007a   Code   RO         1673    .text.HAL_GPIO_EXTI_Callback  main.o
    0x0800195e   0x0800195e   0x00000002   PAD
    0x08001960   0x08001960   0x00000016   Code   RO          951    .text.HAL_GPIO_EXTI_IRQHandler  stm32f4xx_hal_gpio.o
    0x08001976   0x08001976   0x00000002   PAD
    0x08001978   0x08001978   0x000001a6   Code   RO          939    .text.HAL_GPIO_Init  stm32f4xx_hal_gpio.o
    0x08001b1e   0x08001b1e   0x00000002   PAD
    0x08001b20   0x08001b20   0x00000010   Code   RO          947    .text.HAL_GPIO_TogglePin  stm32f4xx_hal_gpio.o
    0x08001b30   0x08001b30   0x0000000a   Code   RO          945    .text.HAL_GPIO_WritePin  stm32f4xx_hal_gpio.o
    0x08001b3a   0x08001b3a   0x00000002   PAD
    0x08001b3c   0x08001b3c   0x0000000e   Code   RO          903    .text.HAL_GetREVID  stm32f4xx_hal.o
    0x08001b4a   0x08001b4a   0x00000002   PAD
    0x08001b4c   0x08001b4c   0x0000000c   Code   RO          887    .text.HAL_GetTick   stm32f4xx_hal.o
    0x08001b58   0x08001b58   0x00000008   Code   RO         1563    .text.HAL_HCD_Connect_Callback  usbh_conf.o
    0x08001b60   0x08001b60   0x00000008   Code   RO         1565    .text.HAL_HCD_Disconnect_Callback  usbh_conf.o
    0x08001b68   0x08001b68   0x00000006   Code   RO          596    .text.HAL_HCD_GetCurrentFrame  stm32f4xx_hal_hcd.o
    0x08001b6e   0x08001b6e   0x00000002   PAD
    0x08001b70   0x08001b70   0x00000006   Code   RO          598    .text.HAL_HCD_GetCurrentSpeed  stm32f4xx_hal_hcd.o
    0x08001b76   0x08001b76   0x00000002   PAD
    0x08001b78   0x08001b78   0x0000000c   Code   RO          590    .text.HAL_HCD_HC_GetURBState  stm32f4xx_hal_hcd.o
    0x08001b84   0x08001b84   0x0000000a   Code   RO          592    .text.HAL_HCD_HC_GetXferCount  stm32f4xx_hal_hcd.o
    0x08001b8e   0x08001b8e   0x00000002   PAD
    0x08001b90   0x08001b90   0x00000024   Code   RO          558    .text.HAL_HCD_HC_Halt  stm32f4xx_hal_hcd.o
    0x08001bb4   0x08001bb4   0x00000066   Code   RO          556    .text.HAL_HCD_HC_Init  stm32f4xx_hal_hcd.o
    0x08001c1a   0x08001c1a   0x00000002   PAD
    0x08001c1c   0x08001c1c   0x00000002   Code   RO         1571    .text.HAL_HCD_HC_NotifyURBChange_Callback  usbh_conf.o
    0x08001c1e   0x08001c1e   0x00000002   PAD
    0x08001c20   0x08001c20   0x000000b4   Code   RO          564    .text.HAL_HCD_HC_SubmitRequest  stm32f4xx_hal_hcd.o
    0x08001cd4   0x08001cd4   0x000006aa   Code   RO          566    .text.HAL_HCD_IRQHandler  stm32f4xx_hal_hcd.o
    0x0800237e   0x0800237e   0x00000002   PAD
    0x08002380   0x08002380   0x000000be   Code   RO          552    .text.HAL_HCD_Init  stm32f4xx_hal_hcd.o
    0x0800243e   0x0800243e   0x00000002   PAD
    0x08002440   0x08002440   0x000000da   Code   RO         1557    .text.HAL_HCD_MspInit  usbh_conf.o
    0x0800251a   0x0800251a   0x00000002   PAD
    0x0800251c   0x0800251c   0x00000008   Code   RO         1569    .text.HAL_HCD_PortDisabled_Callback  usbh_conf.o
    0x08002524   0x08002524   0x00000008   Code   RO         1567    .text.HAL_HCD_PortEnabled_Callback  usbh_conf.o
    0x0800252c   0x0800252c   0x00000006   Code   RO          586    .text.HAL_HCD_ResetPort  stm32f4xx_hal_hcd.o
    0x08002532   0x08002532   0x00000002   PAD
    0x08002534   0x08002534   0x00000008   Code   RO         1561    .text.HAL_HCD_SOF_Callback  usbh_conf.o
    0x0800253c   0x0800253c   0x0000002c   Code   RO          582    .text.HAL_HCD_Start  stm32f4xx_hal_hcd.o
    0x08002568   0x08002568   0x00000024   Code   RO          584    .text.HAL_HCD_Stop  stm32f4xx_hal_hcd.o
    0x0800258c   0x0800258c   0x00000036   Code   RO          402    .text.HAL_I2C_DeInit  stm32f4xx_hal_i2c.o
    0x080025c2   0x080025c2   0x00000002   PAD
    0x080025c4   0x080025c4   0x00000006   Code   RO          516    .text.HAL_I2C_GetState  stm32f4xx_hal_i2c.o
    0x080025ca   0x080025ca   0x00000002   PAD
    0x080025cc   0x080025cc   0x00000176   Code   RO          398    .text.HAL_I2C_Init  stm32f4xx_hal_i2c.o
    0x08002742   0x08002742   0x00000002   PAD
    0x08002744   0x08002744   0x0000036e   Code   RO          442    .text.HAL_I2C_Mem_Read  stm32f4xx_hal_i2c.o
    0x08002ab2   0x08002ab2   0x00000002   PAD
    0x08002ab4   0x08002ab4   0x000001da   Code   RO          438    .text.HAL_I2C_Mem_Write  stm32f4xx_hal_i2c.o
    0x08002c8e   0x08002c8e   0x00000002   PAD
    0x08002c90   0x08002c90   0x00000002   Code   RO          404    .text.HAL_I2C_MspDeInit  stm32f4xx_hal_i2c.o
    0x08002c92   0x08002c92   0x00000002   PAD
    0x08002c94   0x08002c94   0x00000002   Code   RO          400    .text.HAL_I2C_MspInit  stm32f4xx_hal_i2c.o
    0x08002c96   0x08002c96   0x00000002   PAD
    0x08002c98   0x08002c98   0x00000276   Code   RO         1347    .text.HAL_I2SEx_FullDuplex_IRQHandler  stm32f4xx_hal_i2s_ex.o
    0x08002f0e   0x08002f0e   0x00000002   PAD
    0x08002f10   0x08002f10   0x00000002   Code   RO         1351    .text.HAL_I2SEx_TxRxCpltCallback  stm32f4xx_hal_i2s_ex.o
    0x08002f12   0x08002f12   0x00000002   PAD
    0x08002f14   0x08002f14   0x0000007a   Code   RO          264    .text.HAL_I2S_DMAPause  stm32f4xx_hal_i2s.o
    0x08002f8e   0x08002f8e   0x00000002   PAD
    0x08002f90   0x08002f90   0x000000ac   Code   RO          266    .text.HAL_I2S_DMAResume  stm32f4xx_hal_i2s.o
    0x0800303c   0x0800303c   0x000002cc   Code   RO          268    .text.HAL_I2S_DMAStop  stm32f4xx_hal_i2s.o
    0x08003308   0x08003308   0x0000002a   Code   RO         1875    .text.HAL_I2S_ErrorCallback  stm32f4_discovery_audio.o
    0x08003332   0x08003332   0x00000002   PAD
    0x08003334   0x08003334   0x00000006   Code   RO          282    .text.HAL_I2S_GetState  stm32f4xx_hal_i2s.o
    0x0800333a   0x0800333a   0x00000002   PAD
    0x0800333c   0x0800333c   0x0000016e   Code   RO          230    .text.HAL_I2S_Init  stm32f4xx_hal_i2s.o
    0x080034aa   0x080034aa   0x00000002   PAD
    0x080034ac   0x080034ac   0x00000002   Code   RO          234    .text.HAL_I2S_MspInit  stm32f4xx_hal_i2s.o
    0x080034ae   0x080034ae   0x00000002   PAD
    0x080034b0   0x080034b0   0x000000f6   Code   RO          258    .text.HAL_I2S_Receive_DMA  stm32f4xx_hal_i2s.o
    0x080035a6   0x080035a6   0x00000002   PAD
    0x080035a8   0x080035a8   0x00000004   Code   RO         1863    .text.HAL_I2S_RxCpltCallback  stm32f4_discovery_audio.o
    0x080035ac   0x080035ac   0x00000004   Code   RO         1867    .text.HAL_I2S_RxHalfCpltCallback  stm32f4_discovery_audio.o
    0x080035b0   0x080035b0   0x000000d0   Code   RO          250    .text.HAL_I2S_Transmit_DMA  stm32f4xx_hal_i2s.o
    0x08003680   0x08003680   0x00000014   Code   RO         1833    .text.HAL_I2S_TxCpltCallback  stm32f4_discovery_audio.o
    0x08003694   0x08003694   0x00000014   Code   RO         1837    .text.HAL_I2S_TxHalfCpltCallback  stm32f4_discovery_audio.o
    0x080036a8   0x080036a8   0x0000001a   Code   RO          885    .text.HAL_IncTick   stm32f4xx_hal.o
    0x080036c2   0x080036c2   0x00000002   PAD
    0x080036c4   0x080036c4   0x0000002e   Code   RO          875    .text.HAL_Init      stm32f4xx_hal.o
    0x080036f2   0x080036f2   0x00000002   PAD
    0x080036f4   0x080036f4   0x00000048   Code   RO          877    .text.HAL_InitTick  stm32f4xx_hal.o
    0x0800373c   0x0800373c   0x00000002   Code   RO          879    .text.HAL_MspInit   stm32f4xx_hal.o
    0x0800373e   0x0800373e   0x00000002   PAD
    0x08003740   0x08003740   0x00000026   Code   RO          612    .text.HAL_NVIC_EnableIRQ  stm32f4xx_hal_cortex.o
    0x08003766   0x08003766   0x00000002   PAD
    0x08003768   0x08003768   0x00000056   Code   RO          610    .text.HAL_NVIC_SetPriority  stm32f4xx_hal_cortex.o
    0x080037be   0x080037be   0x00000002   PAD
    0x080037c0   0x080037c0   0x00000020   Code   RO          608    .text.HAL_NVIC_SetPriorityGrouping  stm32f4xx_hal_cortex.o
    0x080037e0   0x080037e0   0x00000032   Code   RO          534    .text.HAL_RCCEx_GetPeriphCLKConfig  stm32f4xx_hal_rcc_ex.o
    0x08003812   0x08003812   0x00000002   PAD
    0x08003814   0x08003814   0x00000050   Code   RO          536    .text.HAL_RCCEx_GetPeriphCLKFreq  stm32f4xx_hal_rcc_ex.o
    0x08003864   0x08003864   0x0000014a   Code   RO          532    .text.HAL_RCCEx_PeriphCLKConfig  stm32f4xx_hal_rcc_ex.o
    0x080039ae   0x080039ae   0x00000002   PAD
    0x080039b0   0x080039b0   0x00000160   Code   RO          823    .text.HAL_RCC_ClockConfig  stm32f4xx_hal_rcc.o
    0x08003b10   0x08003b10   0x00000026   Code   RO          835    .text.HAL_RCC_GetPCLK1Freq  stm32f4xx_hal_rcc.o
    0x08003b36   0x08003b36   0x00000002   PAD
    0x08003b38   0x08003b38   0x0000006c   Code   RO          825    .text.HAL_RCC_GetSysClockFreq  stm32f4xx_hal_rcc.o
    0x08003ba4   0x08003ba4   0x00000374   Code   RO          821    .text.HAL_RCC_OscConfig  stm32f4xx_hal_rcc.o
    0x08003f18   0x08003f18   0x00000030   Code   RO         1196    .text.HAL_SPI_DeInit  stm32f4xx_hal_spi.o
    0x08003f48   0x08003f48   0x00000006   Code   RO         1288    .text.HAL_SPI_GetState  stm32f4xx_hal_spi.o
    0x08003f4e   0x08003f4e   0x00000002   PAD
    0x08003f50   0x08003f50   0x000000c6   Code   RO         1192    .text.HAL_SPI_Init  stm32f4xx_hal_spi.o
    0x08004016   0x08004016   0x00000002   PAD
    0x08004018   0x08004018   0x00000002   Code   RO         1198    .text.HAL_SPI_MspDeInit  stm32f4xx_hal_spi.o
    0x0800401a   0x0800401a   0x00000002   PAD
    0x0800401c   0x0800401c   0x00000002   Code   RO         1194    .text.HAL_SPI_MspInit  stm32f4xx_hal_spi.o
    0x0800401e   0x0800401e   0x00000002   PAD
    0x08004020   0x08004020   0x000002fe   Code   RO         1204    .text.HAL_SPI_TransmitReceive  stm32f4xx_hal_spi.o
    0x0800431e   0x0800431e   0x00000002   PAD
    0x08004320   0x08004320   0x0000002c   Code   RO          620    .text.HAL_SYSTICK_Config  stm32f4xx_hal_cortex.o
    0x0800434c   0x0800434c   0x00000002   Code   RO          730    .text.HAL_TIMEx_BreakCallback  stm32f4xx_hal_tim_ex.o
    0x0800434e   0x0800434e   0x00000002   PAD
    0x08004350   0x08004350   0x00000002   Code   RO          726    .text.HAL_TIMEx_CommutCallback  stm32f4xx_hal_tim_ex.o
    0x08004352   0x08004352   0x00000002   PAD
    0x08004354   0x08004354   0x00000002   Code   RO         1099    .text.HAL_TIM_IC_CaptureCallback  stm32f4xx_hal_tim.o
    0x08004356   0x08004356   0x00000002   PAD
    0x08004358   0x08004358   0x00000170   Code   RO         1097    .text.HAL_TIM_IRQHandler  stm32f4xx_hal_tim.o
    0x080044c8   0x080044c8   0x000001b4   Code   RO         1109    .text.HAL_TIM_OC_ConfigChannel  stm32f4xx_hal_tim.o
    0x0800467c   0x0800467c   0x000000c0   Code   RO         1671    .text.HAL_TIM_OC_DelayElapsedCallback  main.o
    0x0800473c   0x0800473c   0x0000005a   Code   RO          991    .text.HAL_TIM_OC_Init  stm32f4xx_hal_tim.o
    0x08004796   0x08004796   0x00000002   PAD
    0x08004798   0x08004798   0x00000002   Code   RO          993    .text.HAL_TIM_OC_MspInit  stm32f4xx_hal_tim.o
    0x0800479a   0x0800479a   0x00000002   PAD
    0x0800479c   0x0800479c   0x00000158   Code   RO         1005    .text.HAL_TIM_OC_Start_IT  stm32f4xx_hal_tim.o
    0x080048f4   0x080048f4   0x00000002   Code   RO         1103    .text.HAL_TIM_PWM_PulseFinishedCallback  stm32f4xx_hal_tim.o
    0x080048f6   0x080048f6   0x00000002   PAD
    0x080048f8   0x080048f8   0x00000002   Code   RO         1105    .text.HAL_TIM_PeriodElapsedCallback  stm32f4xx_hal_tim.o
    0x080048fa   0x080048fa   0x00000002   PAD
    0x080048fc   0x080048fc   0x00000034   Code   RO         1153    .text.HAL_TIM_ReadCapturedValue  stm32f4xx_hal_tim.o
    0x08004930   0x08004930   0x00000002   Code   RO         1107    .text.HAL_TIM_TriggerCallback  stm32f4xx_hal_tim.o
    0x08004932   0x08004932   0x00000002   PAD
    0x08004934   0x08004934   0x00000002   Code   RO         1521    .text.HardFault_Handler  stm32f4xx_it.o
    0x08004936   0x08004936   0x00000002   PAD
    0x08004938   0x08004938   0x0000031e   Code   RO          444    .text.I2C_RequestMemoryRead  stm32f4xx_hal_i2c.o
    0x08004c56   0x08004c56   0x00000002   PAD
    0x08004c58   0x08004c58   0x00000272   Code   RO          440    .text.I2C_RequestMemoryWrite  stm32f4xx_hal_i2c.o
    0x08004eca   0x08004eca   0x00000002   PAD
    0x08004ecc   0x08004ecc   0x000000a8   Code   RO          410    .text.I2C_WaitOnBTFFlagUntilTimeout  stm32f4xx_hal_i2c.o
    0x08004f74   0x08004f74   0x00000150   Code   RO          408    .text.I2C_WaitOnFlagUntilTimeout  stm32f4xx_hal_i2c.o
    0x080050c4   0x080050c4   0x000000b8   Code   RO          522    .text.I2C_WaitOnMasterAddressFlagUntilTimeout  stm32f4xx_hal_i2c.o
    0x0800517c   0x0800517c   0x000000c2   Code   RO         1920    .text.I2Cx_Init     stm32f4_discovery.o
    0x0800523e   0x0800523e   0x00000002   PAD
    0x08005240   0x08005240   0x00000024   Code   RO          256    .text.I2S_DMAError  stm32f4xx_hal_i2s.o
    0x08005264   0x08005264   0x00000024   Code   RO          262    .text.I2S_DMARxCplt  stm32f4xx_hal_i2s.o
    0x08005288   0x08005288   0x00000006   Code   RO          260    .text.I2S_DMARxHalfCplt  stm32f4xx_hal_i2s.o
    0x0800528e   0x0800528e   0x00000002   PAD
    0x08005290   0x08005290   0x00000024   Code   RO          254    .text.I2S_DMATxCplt  stm32f4xx_hal_i2s.o
    0x080052b4   0x080052b4   0x00000006   Code   RO          252    .text.I2S_DMATxHalfCplt  stm32f4xx_hal_i2s.o
    0x080052ba   0x080052ba   0x00000002   PAD
    0x080052bc   0x080052bc   0x00000104   Code   RO          232    .text.I2S_IRQHandler  stm32f4xx_hal_i2s.o
    0x080053c0   0x080053c0   0x00000026   Code   RO          125    .text.LIS302DL_Click_IntClear  lis302dl.o
    0x080053e6   0x080053e6   0x00000002   PAD
    0x080053e8   0x080053e8   0x000000b2   Code   RO          123    .text.LIS302DL_Click_IntConfig  lis302dl.o
    0x0800549a   0x0800549a   0x00000002   PAD
    0x0800549c   0x0800549c   0x00000002   Code   RO          117    .text.LIS302DL_DeInit  lis302dl.o
    0x0800549e   0x0800549e   0x00000002   PAD
    0x080054a0   0x080054a0   0x00000036   Code   RO          127    .text.LIS302DL_FilterConfig  lis302dl.o
    0x080054d6   0x080054d6   0x00000002   PAD
    0x080054d8   0x080054d8   0x0000001e   Code   RO          115    .text.LIS302DL_Init  lis302dl.o
    0x080054f6   0x080054f6   0x00000002   PAD
    0x080054f8   0x080054f8   0x0000004c   Code   RO          129    .text.LIS302DL_ReadACC  lis302dl.o
    0x08005544   0x08005544   0x00000022   Code   RO          119    .text.LIS302DL_ReadID  lis302dl.o
    0x08005566   0x08005566   0x00000002   PAD
    0x08005568   0x08005568   0x0000002c   Code   RO          121    .text.LIS302DL_RebootCmd  lis302dl.o
    0x08005594   0x08005594   0x000000e0   Code   RO          156    .text.LIS3DSH_Click_IntConfig  lis3dsh.o
    0x08005674   0x08005674   0x00000002   Code   RO          150    .text.LIS3DSH_DeInit  lis3dsh.o
    0x08005676   0x08005676   0x00000002   PAD
    0x08005678   0x08005678   0x00000030   Code   RO          148    .text.LIS3DSH_Init  lis3dsh.o
    0x080056a8   0x080056a8   0x000000f0   Code   RO          158    .text.LIS3DSH_ReadACC  lis3dsh.o
    0x08005798   0x08005798   0x00000022   Code   RO          152    .text.LIS3DSH_ReadID  lis3dsh.o
    0x080057ba   0x080057ba   0x00000002   PAD
    0x080057bc   0x080057bc   0x0000002c   Code   RO          154    .text.LIS3DSH_RebootCmd  lis3dsh.o
    0x080057e8   0x080057e8   0x00000002   Code   RO         1523    .text.MemManage_Handler  stm32f4xx_it.o
    0x080057ea   0x080057ea   0x00000002   PAD
    0x080057ec   0x080057ec   0x00000002   Code   RO         1519    .text.NMI_Handler   stm32f4xx_it.o
    0x080057ee   0x080057ee   0x00000002   PAD
    0x080057f0   0x080057f0   0x0000000c   Code   RO         1547    .text.OTG_FS_IRQHandler  stm32f4xx_it.o
    0x080057fc   0x080057fc   0x00000002   Code   RO         1533    .text.PendSV_Handler  stm32f4xx_it.o
    0x080057fe   0x080057fe   0x00000002   PAD
    0x08005800   0x08005800   0x00000120   Code   RO         1206    .text.SPI_WaitFlagStateUntilTimeout  stm32f4xx_hal_spi.o
    0x08005920   0x08005920   0x0000009c   Code   RO         1910    .text.SPIx_Init     stm32f4_discovery.o
    0x080059bc   0x080059bc   0x00000002   Code   RO         1529    .text.SVC_Handler   stm32f4xx_it.o
    0x080059be   0x080059be   0x00000002   PAD
    0x080059c0   0x080059c0   0x00000026   Code   RO         1535    .text.SysTick_Handler  stm32f4xx_it.o
    0x080059e6   0x080059e6   0x00000002   PAD
    0x080059e8   0x080059e8   0x00000056   Code   RO         1504    .text.SystemInit    system_stm32f4xx.o
    0x08005a3e   0x08005a3e   0x00000002   PAD
    0x08005a40   0x08005a40   0x0000000c   Code   RO         1545    .text.TIM4_IRQHandler  stm32f4xx_it.o
    0x08005a4c   0x08005a4c   0x0000013c   Code   RO          967    .text.TIM_Base_SetConfig  stm32f4xx_hal_tim.o
    0x08005b88   0x08005b88   0x000000d2   Code   RO         1392    .text.USBH_AllocPipe  usbh_pipes.o
    0x08005c5a   0x08005c5a   0x00000002   PAD
    0x08005c5c   0x08005c5c   0x00000028   Code   RO         1486    .text.USBH_BulkReceiveData  usbh_ioreq.o
    0x08005c84   0x08005c84   0x00000032   Code   RO         1484    .text.USBH_BulkSendData  usbh_ioreq.o
    0x08005cb6   0x08005cb6   0x00000002   PAD
    0x08005cb8   0x08005cb8   0x0000000a   Code   RO         1390    .text.USBH_ClosePipe  usbh_pipes.o
    0x08005cc2   0x08005cc2   0x00000002   PAD
    0x08005cc4   0x08005cc4   0x0000001a   Code   RO         1422    .text.USBH_ClrFeature  usbh_ctlreq.o
    0x08005cde   0x08005cde   0x00000002   PAD
    0x08005ce0   0x08005ce0   0x00000028   Code   RO         1482    .text.USBH_CtlReceiveData  usbh_ioreq.o
    0x08005d08   0x08005d08   0x000001f8   Code   RO         1412    .text.USBH_CtlReq   usbh_ctlreq.o
    0x08005f00   0x08005f00   0x00000032   Code   RO         1480    .text.USBH_CtlSendData  usbh_ioreq.o
    0x08005f32   0x08005f32   0x00000002   PAD
    0x08005f34   0x08005f34   0x00000024   Code   RO         1478    .text.USBH_CtlSendSetup  usbh_ioreq.o
    0x08005f58   0x08005f58   0x00000004   Code   RO         1601    .text.USBH_Delay    usbh_conf.o
    0x08005f5c   0x08005f5c   0x000004c6   Code   RO         1444    .text.USBH_FindInterface  usbh_core.o
    0x08006422   0x08006422   0x00000002   PAD
    0x08006424   0x08006424   0x00000018   Code   RO         1394    .text.USBH_FreePipe  usbh_pipes.o
    0x0800643c   0x0800643c   0x00000252   Code   RO         1408    .text.USBH_Get_CfgDesc  usbh_ctlreq.o
    0x0800668e   0x0800668e   0x00000002   PAD
    0x08006690   0x08006690   0x0000009a   Code   RO         1404    .text.USBH_Get_DevDesc  usbh_ctlreq.o
    0x0800672a   0x0800672a   0x00000002   PAD
    0x0800672c   0x0800672c   0x000000a8   Code   RO         1410    .text.USBH_Get_StringDesc  usbh_ctlreq.o
    0x080067d4   0x080067d4   0x00000068   Code   RO         1434    .text.USBH_Init     usbh_core.o
    0x0800683c   0x0800683c   0x0000000e   Code   RO         1589    .text.USBH_LL_ClosePipe  usbh_conf.o
    0x0800684a   0x0800684a   0x00000002   PAD
    0x0800684c   0x0800684c   0x00000016   Code   RO         1466    .text.USBH_LL_Connect  usbh_core.o
    0x08006862   0x08006862   0x00000002   PAD
    0x08006864   0x08006864   0x0000002e   Code   RO         1468    .text.USBH_LL_Disconnect  usbh_core.o
    0x08006892   0x08006892   0x00000002   PAD
    0x08006894   0x08006894   0x00000020   Code   RO         1595    .text.USBH_LL_DriverVBUS  usbh_conf.o
    0x080068b4   0x080068b4   0x00000008   Code   RO         1585    .text.USBH_LL_GetLastXferSize  usbh_conf.o
    0x080068bc   0x080068bc   0x00000014   Code   RO         1581    .text.USBH_LL_GetSpeed  usbh_conf.o
    0x080068d0   0x080068d0   0x00000022   Code   RO         1599    .text.USBH_LL_GetToggle  usbh_conf.o
    0x080068f2   0x080068f2   0x00000002   PAD
    0x080068f4   0x080068f4   0x00000008   Code   RO         1593    .text.USBH_LL_GetURBState  usbh_conf.o
    0x080068fc   0x080068fc   0x0000001e   Code   RO         1460    .text.USBH_LL_IncTimer  usbh_core.o
    0x0800691a   0x0800691a   0x00000002   PAD
    0x0800691c   0x0800691c   0x00000052   Code   RO         1573    .text.USBH_LL_Init  usbh_conf.o
    0x0800696e   0x0800696e   0x00000002   PAD
    0x08006970   0x08006970   0x0000001e   Code   RO         1587    .text.USBH_LL_OpenPipe  usbh_conf.o
    0x0800698e   0x0800698e   0x00000002   PAD
    0x08006990   0x08006990   0x00000008   Code   RO         1464    .text.USBH_LL_PortDisabled  usbh_core.o
    0x08006998   0x08006998   0x00000008   Code   RO         1462    .text.USBH_LL_PortEnabled  usbh_core.o
    0x080069a0   0x080069a0   0x0000000e   Code   RO         1583    .text.USBH_LL_ResetPort  usbh_conf.o
    0x080069ae   0x080069ae   0x00000002   PAD
    0x080069b0   0x080069b0   0x00000006   Code   RO         1458    .text.USBH_LL_SetTimer  usbh_core.o
    0x080069b6   0x080069b6   0x00000002   PAD
    0x080069b8   0x080069b8   0x00000022   Code   RO         1597    .text.USBH_LL_SetToggle  usbh_conf.o
    0x080069da   0x080069da   0x00000002   PAD
    0x080069dc   0x080069dc   0x0000000e   Code   RO         1577    .text.USBH_LL_Start  usbh_conf.o
    0x080069ea   0x080069ea   0x00000002   PAD
    0x080069ec   0x080069ec   0x0000000e   Code   RO         1579    .text.USBH_LL_Stop  usbh_conf.o
    0x080069fa   0x080069fa   0x00000002   PAD
    0x080069fc   0x080069fc   0x00000022   Code   RO         1591    .text.USBH_LL_SubmitURB  usbh_conf.o
    0x08006a1e   0x08006a1e   0x00000002   PAD
    0x08006a20   0x08006a20   0x00000028   Code   RO           60    .text.USBH_MSC_BOT_Init  usbh_msc_bot.o
    0x08006a48   0x08006a48   0x00000274   Code   RO           62    .text.USBH_MSC_BOT_Process  usbh_msc_bot.o
    0x08006cbc   0x08006cbc   0x00000016   Code   RO           58    .text.USBH_MSC_BOT_REQ_GetMaxLUN  usbh_msc_bot.o
    0x08006cd2   0x08006cd2   0x00000002   PAD
    0x08006cd4   0x08006cd4   0x00000078   Code   RO           26    .text.USBH_MSC_ClassRequest  usbh_msc.o
    0x08006d4c   0x08006d4c   0x00000054   Code   RO           38    .text.USBH_MSC_GetLUNInfo  usbh_msc.o
    0x08006da0   0x08006da0   0x0000004e   Code   RO           24    .text.USBH_MSC_InterfaceDeInit  usbh_msc.o
    0x08006dee   0x08006dee   0x00000002   PAD
    0x08006df0   0x08006df0   0x0000011c   Code   RO           22    .text.USBH_MSC_InterfaceInit  usbh_msc.o
    0x08006f0c   0x08006f0c   0x000001d8   Code   RO           28    .text.USBH_MSC_Process  usbh_msc.o
    0x080070e4   0x080070e4   0x000000a2   Code   RO           42    .text.USBH_MSC_RdWrProcess  usbh_msc.o
    0x08007186   0x08007186   0x00000002   PAD
    0x08007188   0x08007188   0x00000092   Code   RO           40    .text.USBH_MSC_Read  usbh_msc.o
    0x0800721a   0x0800721a   0x00000002   PAD
    0x0800721c   0x0800721c   0x000000b0   Code   RO            6    .text.USBH_MSC_SCSI_Inquiry  usbh_msc_scsi.o
    0x080072cc   0x080072cc   0x00000088   Code   RO           12    .text.USBH_MSC_SCSI_Read  usbh_msc_scsi.o
    0x08007354   0x08007354   0x00000070   Code   RO            4    .text.USBH_MSC_SCSI_ReadCapacity  usbh_msc_scsi.o
    0x080073c4   0x080073c4   0x00000080   Code   RO            8    .text.USBH_MSC_SCSI_RequestSense  usbh_msc_scsi.o
    0x08007444   0x08007444   0x00000048   Code   RO            2    .text.USBH_MSC_SCSI_TestUnitReady  usbh_msc_scsi.o
    0x0800748c   0x0800748c   0x00000084   Code   RO           10    .text.USBH_MSC_SCSI_Write  usbh_msc_scsi.o
    0x08007510   0x08007510   0x00000004   Code   RO           30    .text.USBH_MSC_SOFProcess  usbh_msc.o
    0x08007514   0x08007514   0x00000022   Code   RO           36    .text.USBH_MSC_UnitIsReady  usbh_msc.o
    0x08007536   0x08007536   0x00000002   PAD
    0x08007538   0x08007538   0x00000092   Code   RO           44    .text.USBH_MSC_Write  usbh_msc.o
    0x080075ca   0x080075ca   0x00000002   PAD
    0x080075cc   0x080075cc   0x0000001a   Code   RO         1388    .text.USBH_OpenPipe  usbh_pipes.o
    0x080075e6   0x080075e6   0x00000002   PAD
    0x080075e8   0x080075e8   0x000004b8   Code   RO         1456    .text.USBH_Process  usbh_core.o
    0x08007aa0   0x08007aa0   0x0000001a   Code   RO         1438    .text.USBH_RegisterClass  usbh_core.o
    0x08007aba   0x08007aba   0x00000002   PAD
    0x08007abc   0x08007abc   0x00000012   Code   RO         1440    .text.USBH_SelectInterface  usbh_core.o
    0x08007ace   0x08007ace   0x00000002   PAD
    0x08007ad0   0x08007ad0   0x0000001a   Code   RO         1414    .text.USBH_SetAddress  usbh_ctlreq.o
    0x08007aea   0x08007aea   0x00000002   PAD
    0x08007aec   0x08007aec   0x0000001a   Code   RO         1416    .text.USBH_SetCfg   usbh_ctlreq.o
    0x08007b06   0x08007b06   0x00000002   PAD
    0x08007b08   0x08007b08   0x0000001a   Code   RO         1420    .text.USBH_SetFeature  usbh_ctlreq.o
    0x08007b22   0x08007b22   0x00000002   PAD
    0x08007b24   0x08007b24   0x00000014   Code   RO         1448    .text.USBH_Start    usbh_core.o
    0x08007b38   0x08007b38   0x00000042   Code   RO         1669    .text.USBH_UserProcess  main.o
    0x08007b7a   0x08007b7a   0x00000002   PAD
    0x08007b7c   0x08007b7c   0x00000004   Code   RO          177    .text.USBH_initialize  usbh_diskio_dma.o
    0x08007b80   0x08007b80   0x00000082   Code   RO          185    .text.USBH_ioctl    usbh_diskio_dma.o
    0x08007c02   0x08007c02   0x00000002   PAD
    0x08007c04   0x08007c04   0x000000bc   Code   RO          181    .text.USBH_read     usbh_diskio_dma.o
    0x08007cc0   0x08007cc0   0x00000018   Code   RO          179    .text.USBH_status   usbh_diskio_dma.o
    0x08007cd8   0x08007cd8   0x000000cc   Code   RO          183    .text.USBH_write    usbh_diskio_dma.o
    0x08007da4   0x08007da4   0x000001de   Code   RO          294    .text.USB_CoreInit  stm32f4xx_ll_usb.o
    0x08007f82   0x08007f82   0x00000002   PAD
    0x08007f84   0x08007f84   0x0000000e   Code   RO          300    .text.USB_DisableGlobalInt  stm32f4xx_ll_usb.o
    0x08007f92   0x08007f92   0x00000002   PAD
    0x08007f94   0x08007f94   0x0000004c   Code   RO          368    .text.USB_DriveVbus  stm32f4xx_ll_usb.o
    0x08007fe0   0x08007fe0   0x0000000e   Code   RO          298    .text.USB_EnableGlobalInt  stm32f4xx_ll_usb.o
    0x08007fee   0x08007fee   0x00000002   PAD
    0x08007ff0   0x08007ff0   0x000000b6   Code   RO          312    .text.USB_FlushRxFifo  stm32f4xx_ll_usb.o
    0x080080a6   0x080080a6   0x00000002   PAD
    0x080080a8   0x080080a8   0x000000b6   Code   RO          310    .text.USB_FlushTxFifo  stm32f4xx_ll_usb.o
    0x0800815e   0x0800815e   0x00000002   PAD
    0x08008160   0x08008160   0x00000008   Code   RO          372    .text.USB_GetCurrentFrame  stm32f4xx_ll_usb.o
    0x08008168   0x08008168   0x00000016   Code   RO          370    .text.USB_GetHostSpeed  stm32f4xx_ll_usb.o
    0x0800817e   0x0800817e   0x00000002   PAD
    0x08008180   0x08008180   0x00000008   Code   RO          304    .text.USB_GetMode   stm32f4xx_ll_usb.o
    0x08008188   0x08008188   0x0000015e   Code   RO          382    .text.USB_HC_Halt   stm32f4xx_ll_usb.o
    0x080082e6   0x080082e6   0x00000002   PAD
    0x080082e8   0x080082e8   0x00000118   Code   RO          374    .text.USB_HC_Init   stm32f4xx_ll_usb.o
    0x08008400   0x08008400   0x00000008   Code   RO          380    .text.USB_HC_ReadInterrupt  stm32f4xx_ll_usb.o
    0x08008408   0x08008408   0x000001d6   Code   RO          376    .text.USB_HC_StartXfer  stm32f4xx_ll_usb.o
    0x080085de   0x080085de   0x00000002   PAD
    0x080085e0   0x080085e0   0x00000274   Code   RO          362    .text.USB_HostInit  stm32f4xx_ll_usb.o
    0x08008854   0x08008854   0x00000038   Code   RO          364    .text.USB_InitFSLSPClkSel  stm32f4xx_ll_usb.o
    0x0800888c   0x0800888c   0x00000008   Code   RO          346    .text.USB_ReadInterrupts  stm32f4xx_ll_usb.o
    0x08008894   0x08008894   0x000000aa   Code   RO          332    .text.USB_ReadPacket  stm32f4xx_ll_usb.o
    0x0800893e   0x0800893e   0x00000002   PAD
    0x08008940   0x08008940   0x0000003e   Code   RO          366    .text.USB_ResetPort  stm32f4xx_ll_usb.o
    0x0800897e   0x0800897e   0x00000002   PAD
    0x08008980   0x08008980   0x00000064   Code   RO          302    .text.USB_SetCurrentMode  stm32f4xx_ll_usb.o
    0x080089e4   0x080089e4   0x00000920   Code   RO          384    .text.USB_StopHost  stm32f4xx_ll_usb.o
    0x08009304   0x08009304   0x00000002   Code   RO         1527    .text.UsageFault_Handler  stm32f4xx_it.o
    0x08009306   0x08009306   0x00000002   PAD
    0x08009308   0x08009308   0x000001c2   Code   RO         1612    .text.WavePlayBack  waveplayer.o
    0x080094ca   0x080094ca   0x00000002   PAD
    0x080094cc   0x080094cc   0x000000a8   Code   RO         1626    .text.WavePlayerStart  waveplayer.o
    0x08009574   0x08009574   0x00000068   Code   RO         1628    .text.WavePlayer_CallBack  waveplayer.o
    0x080095dc   0x080095dc   0x000001fe   Code   RO         1645    .text.WaveRecorderProcess  waverecorder.o
    0x080097da   0x080097da   0x00000002   PAD
    0x080097dc   0x080097dc   0x0000012c   Code   RO         1732    .text.create_chain  ff.o
    0x08009908   0x08009908   0x00000004   Code   RO           83    .text.cs43l22_DeInit  cs43l22.o
    0x0800990c   0x0800990c   0x000000ea   Code   RO           81    .text.cs43l22_Init  cs43l22.o
    0x080099f6   0x080099f6   0x00000002   PAD
    0x080099f8   0x080099f8   0x00000030   Code   RO           89    .text.cs43l22_Pause  cs43l22.o
    0x08009a28   0x08009a28   0x0000004a   Code   RO           87    .text.cs43l22_Play  cs43l22.o
    0x08009a72   0x08009a72   0x00000002   PAD
    0x08009a74   0x08009a74   0x00000016   Code   RO           85    .text.cs43l22_ReadID  cs43l22.o
    0x08009a8a   0x08009a8a   0x00000002   PAD
    0x08009a8c   0x08009a8c   0x00000004   Code   RO          103    .text.cs43l22_Reset  cs43l22.o
    0x08009a90   0x08009a90   0x00000082   Code   RO           91    .text.cs43l22_Resume  cs43l22.o
    0x08009b12   0x08009b12   0x00000002   PAD
    0x08009b14   0x08009b14   0x00000004   Code   RO           95    .text.cs43l22_SetFrequency  cs43l22.o
    0x08009b18   0x08009b18   0x00000054   Code   RO           99    .text.cs43l22_SetMute  cs43l22.o
    0x08009b6c   0x08009b6c   0x00000032   Code   RO          101    .text.cs43l22_SetOutputMode  cs43l22.o
    0x08009b9e   0x08009b9e   0x00000002   PAD
    0x08009ba0   0x08009ba0   0x00000036   Code   RO           97    .text.cs43l22_SetVolume  cs43l22.o
    0x08009bd6   0x08009bd6   0x00000002   PAD
    0x08009bd8   0x08009bd8   0x00000046   Code   RO           93    .text.cs43l22_Stop  cs43l22.o
    0x08009c1e   0x08009c1e   0x00000002   PAD
    0x08009c20   0x08009c20   0x00000680   Code   RO         1774    .text.dir_find      ff.o
    0x0800a2a0   0x0800a2a0   0x00000174   Code   RO         1754    .text.dir_next      ff.o
    0x0800a414   0x0800a414   0x00000360   Code   RO         1750    .text.dir_read      ff.o
    0x0800a774   0x0800a774   0x00000860   Code   RO         1718    .text.dir_register  ff.o
    0x0800afd4   0x0800afd4   0x000000f0   Code   RO         1764    .text.dir_remove    ff.o
    0x0800b0c4   0x0800b0c4   0x000000a6   Code   RO         1744    .text.dir_sdi       ff.o
    0x0800b16a   0x0800b16a   0x00000002   PAD
    0x0800b16c   0x0800b16c   0x00000024   Code   RO         1692    .text.disk_initialize  diskio.o
    0x0800b190   0x0800b190   0x00000016   Code   RO         1698    .text.disk_ioctl    diskio.o
    0x0800b1a6   0x0800b1a6   0x00000002   PAD
    0x0800b1a8   0x0800b1a8   0x00000020   Code   RO         1694    .text.disk_read     diskio.o
    0x0800b1c8   0x0800b1c8   0x00000016   Code   RO         1690    .text.disk_status   diskio.o
    0x0800b1de   0x0800b1de   0x00000002   PAD
    0x0800b1e0   0x0800b1e0   0x00000020   Code   RO         1696    .text.disk_write    diskio.o
    0x0800b200   0x0800b200   0x00000068   Code   RO         1738    .text.f_close       ff.o
    0x0800b268   0x0800b268   0x0000031a   Code   RO         1740    .text.f_lseek       ff.o
    0x0800b582   0x0800b582   0x00000002   PAD
    0x0800b584   0x0800b584   0x00000118   Code   RO         1710    .text.f_mount       ff.o
    0x0800b69c   0x0800b69c   0x00000410   Code   RO         1714    .text.f_open        ff.o
    0x0800baac   0x0800baac   0x00000194   Code   RO         1742    .text.f_opendir     ff.o
    0x0800bc40   0x0800bc40   0x000002f8   Code   RO         1728    .text.f_read        ff.o
    0x0800bf38   0x0800bf38   0x000000be   Code   RO         1734    .text.f_sync        ff.o
    0x0800bff6   0x0800bff6   0x00000002   PAD
    0x0800bff8   0x0800bff8   0x00000122   Code   RO         1762    .text.f_unlink      ff.o
    0x0800c11a   0x0800c11a   0x00000002   PAD
    0x0800c11c   0x0800c11c   0x0000030a   Code   RO         1730    .text.f_write       ff.o
    0x0800c426   0x0800c426   0x00000002   PAD
    0x0800c428   0x0800c428   0x00000132   Code   RO         1363    .text.ff_convert    unicode.o
    0x0800c55a   0x0800c55a   0x00000002   PAD
    0x0800c55c   0x0800c55c   0x00000004   Code   RO         1377    .text.ff_memalloc   syscall.o
    0x0800c560   0x0800c560   0x00000004   Code   RO         1379    .text.ff_memfree    syscall.o
    0x0800c564   0x0800c564   0x000000d0   Code   RO         1365    .text.ff_wtoupper   unicode.o
    0x0800c634   0x0800c634   0x0000052a   Code   RO         1712    .text.find_volume   ff.o
    0x0800cb5e   0x0800cb5e   0x00000002   PAD
    0x0800cb60   0x0800cb60   0x000006e8   Code   RO         1716    .text.follow_path   ff.o
    0x0800d248   0x0800d248   0x000000d0   Code   RO         1726    .text.get_fat       ff.o
    0x0800d318   0x0800d318   0x00000004   Code   RO         1700    .text.get_fattime   diskio.o
    0x0800d31c   0x0800d31c   0x0000009e   Code   RO         1724    .text.inc_lock      ff.o
    0x0800d3ba   0x0800d3ba   0x00000002   PAD
    0x0800d3bc   0x0800d3bc   0x00000272   Code   RO         1665    .text.main          main.o
    0x0800d62e   0x0800d62e   0x00000002   PAD
    0x0800d630   0x0800d630   0x00000080   Code   RO         1722    .text.move_window   ff.o
    0x0800d6b0   0x0800d6b0   0x0000010e   Code   RO         1778    .text.put_fat       ff.o
    0x0800d7be   0x0800d7be   0x00000002   PAD
    0x0800d7c0   0x0800d7c0   0x0000007e   Code   RO         1720    .text.remove_chain  ff.o
    0x0800d83e   0x0800d83e   0x00000002   PAD
    0x0800d840   0x0800d840   0x00000082   Code   RO         1776    .text.sum_sfn       ff.o
    0x0800d8c2   0x0800d8c2   0x00000002   PAD
    0x0800d8c4   0x0800d8c4   0x000000cc   Code   RO         1736    .text.sync_fs       ff.o
    0x0800d990   0x0800d990   0x0000005a   Code   RO         1768    .text.sync_window   ff.o
    0x0800d9ea   0x0800d9ea   0x00000002   PAD
    0x0800d9ec   0x0800d9ec   0x0000006c   Code   RO         2008    i.CRC_Lock          libPDMFilter_CM4_Keil_wc16.lib(stm32_crc_lock.o)
    0x0800da58   0x0800da58   0x000003a4   Code   RO         1968    i.D128_1CH_HTONS_VOL_HP  libPDMFilter_CM4_Keil_wc16.lib(pdm_filter.o)
    0x0800ddfc   0x0800ddfc   0x00000464   Code   RO         1969    i.D128_GENERIC      libPDMFilter_CM4_Keil_wc16.lib(pdm_filter.o)
    0x0800e260   0x0800e260   0x000000e4   Code   RO         1970    i.D16_1CH_HTONS_VOL_HP  libPDMFilter_CM4_Keil_wc16.lib(pdm_filter.o)
    0x0800e344   0x0800e344   0x00000110   Code   RO         1971    i.D16_GENERIC       libPDMFilter_CM4_Keil_wc16.lib(pdm_filter.o)
    0x0800e454   0x0800e454   0x00000144   Code   RO         1972    i.D24_1CH_HTONS_VOL_HP  libPDMFilter_CM4_Keil_wc16.lib(pdm_filter.o)
    0x0800e598   0x0800e598   0x00000184   Code   RO         1973    i.D24_GENERIC       libPDMFilter_CM4_Keil_wc16.lib(pdm_filter.o)
    0x0800e71c   0x0800e71c   0x0000014c   Code   RO         1974    i.D32_1CH_HTONS_VOL_HP  libPDMFilter_CM4_Keil_wc16.lib(pdm_filter.o)
    0x0800e868   0x0800e868   0x00000188   Code   RO         1975    i.D32_GENERIC       libPDMFilter_CM4_Keil_wc16.lib(pdm_filter.o)
    0x0800e9f0   0x0800e9f0   0x000001c8   Code   RO         1976    i.D48_1CH_HTONS_VOL_HP  libPDMFilter_CM4_Keil_wc16.lib(pdm_filter.o)
    0x0800ebb8   0x0800ebb8   0x0000021c   Code   RO         1977    i.D48_GENERIC       libPDMFilter_CM4_Keil_wc16.lib(pdm_filter.o)
    0x0800edd4   0x0800edd4   0x00000224   Code   RO         1978    i.D64_1CH_HTONS_VOL_HP  libPDMFilter_CM4_Keil_wc16.lib(pdm_filter.o)
    0x0800eff8   0x0800eff8   0x00000254   Code   RO         1979    i.D64_GENERIC       libPDMFilter_CM4_Keil_wc16.lib(pdm_filter.o)
    0x0800f24c   0x0800f24c   0x00000298   Code   RO         1980    i.D80_1CH_HTONS_VOL_HP  libPDMFilter_CM4_Keil_wc16.lib(pdm_filter.o)
    0x0800f4e4   0x0800f4e4   0x00000320   Code   RO         1981    i.D80_GENERIC       libPDMFilter_CM4_Keil_wc16.lib(pdm_filter.o)
    0x0800f804   0x0800f804   0x0000002c   Code   RO         1982    i.PDM_Filter        libPDMFilter_CM4_Keil_wc16.lib(pdm_filter.o)
    0x0800f830   0x0800f830   0x0000012c   Code   RO         1983    i.PDM_Filter_Init   libPDMFilter_CM4_Keil_wc16.lib(pdm_filter.o)
    0x0800f95c   0x0800f95c   0x00000210   Code   RO         1985    i.PDM_Filter_setConfig  libPDMFilter_CM4_Keil_wc16.lib(pdm_filter.o)
    0x0800fb6c   0x0800fb6c   0x00000026   Code   RO         2062    i.__ARM_fpclassifyf  m_wm.l(fpclassifyf.o)
    0x0800fb92   0x0800fb92   0x00000002   PAD
    0x0800fb94   0x0800fb94   0x00000664   Code   RO         2010    i.__hardfp_powf     m_wm.l(powf.o)
    0x080101f8   0x080101f8   0x0000009a   Code   RO         2017    i.__hardfp_roundf   m_wm.l(roundf.o)
    0x08010292   0x08010292   0x00000002   PAD
    0x08010294   0x08010294   0x00000014   Code   RO         2064    i.__mathlib_flt_divzero  m_wm.l(funder.o)
    0x080102a8   0x080102a8   0x00000006   Code   RO         2066    i.__mathlib_flt_infnan2  m_wm.l(funder.o)
    0x080102ae   0x080102ae   0x00000002   PAD
    0x080102b0   0x080102b0   0x00000010   Code   RO         2067    i.__mathlib_flt_invalid  m_wm.l(funder.o)
    0x080102c0   0x080102c0   0x00000010   Code   RO         2068    i.__mathlib_flt_overflow  m_wm.l(funder.o)
    0x080102d0   0x080102d0   0x00000010   Code   RO         2070    i.__mathlib_flt_underflow  m_wm.l(funder.o)
    0x080102e0   0x080102e0   0x0000000e   Code   RO         2116    i.__scatterload_copy  mc_w.l(handlers.o)
    0x080102ee   0x080102ee   0x00000002   Code   RO         2117    i.__scatterload_null  mc_w.l(handlers.o)
    0x080102f0   0x080102f0   0x0000000e   Code   RO         2118    i.__scatterload_zeroinit  mc_w.l(handlers.o)
    0x080102fe   0x080102fe   0x00000002   PAD
    0x08010300   0x08010300   0x0000000c   Code   RO         2100    i.__set_errno       mc_w.l(errno.o)
    0x0801030c   0x0801030c   0x00000050   Code   RO         2032    i.free              mc_w.l(malloc.o)
    0x0801035c   0x0801035c   0x0000006c   Code   RO         2033    i.malloc            mc_w.l(malloc.o)
    0x080103c8   0x080103c8   0x00000140   Data   RO         2013    .constdata          m_wm.l(powf.o)
    0x08010508   0x08010508   0x00000010   Data   RO         1509    .rodata.AHBPrescTable  system_stm32f4xx.o
    0x08010518   0x08010518   0x00000008   Data   RO         1510    .rodata.APBPrescTable  system_stm32f4xx.o
    0x08010520   0x08010520   0x00000080   Data   RO         1780    .rodata.ExCvt       ff.o
    0x080105a0   0x080105a0   0x00000008   Data   RO         1929    .rodata.GPIO_PIN    stm32f4_discovery.o
    0x080105a8   0x080105a8   0x00000020   Data   RO         1878    .rodata.I2SPLLN     stm32f4_discovery_audio.o
    0x080105c8   0x080105c8   0x00000020   Data   RO         1879    .rodata.I2SPLLR     stm32f4_discovery_audio.o
    0x080105e8   0x080105e8   0x00000100   Data   RO         1367    .rodata.Tbl         unicode.o
    0x080106e8   0x080106e8   0x00000014   Data   RO          187    .rodata.USBH_Driver  usbh_diskio_dma.o
    0x080106fc   0x080106fc   0x00000020   Data   RO         1183    .rodata.cst16       stm32f4xx_hal_tim.o
    0x0801071c   0x0801071c   0x00000008   Data   RO          221    .rodata.cst8        stm32f4xx_hal_dma.o
    0x08010724   0x08010724   0x00000004   Data   RO           46    .rodata.str1.1      usbh_msc.o
    0x08010728   0x08010728   0x0000000a   Data   RO         1651    .rodata.str1.1      waverecorder.o
    0x08010732   0x08010732   0x000002ae   Data   RO         1368    .rodata.str2.2      unicode.o
    0x080109e0   0x080109e0   0x00000020   Data   RO         2115    Region$$Table       anon$$obj.o


    Execution Region RW_IRAM1 (Exec base: 0x20000000, Load base: 0x08010a00, Size: 0x00008ba0, Max: 0x00020000, ABSOLUTE, COMPRESSED[0x000004b0])

    Exec Addr    Load Addr    Size         Type   Attr      Idx    E Section Name        Object

    0x20000000   COMPRESSED   0x00000404   Data   RW         1986    .data               libPDMFilter_CM4_Keil_wc16.lib(pdm_filter.o)
    0x20000404   COMPRESSED   0x00000004   Data   RW         2096    .data               mc_w.l(mvars.o)
    0x20000408   COMPRESSED   0x00000004   Data   RW         2097    .data               mc_w.l(mvars.o)
    0x2000040c   COMPRESSED   0x00000004   Data   RW         2101    .data               mc_w.l(errno.o)
    0x20000410   COMPRESSED   0x00000008   Data   RW          930    .data..L_MergedGlobals  stm32f4xx_hal.o
    0x20000418   COMPRESSED   0x00000004   Data   RW         1930    .data.BUTTON_PORT   stm32f4_discovery.o
    0x2000041c   COMPRESSED   0x00000002   Data   RW         1676    .data.CCR1Val       main.o
    0x2000041e   COMPRESSED   0x00000002   PAD
    0x20000420   COMPRESSED   0x00000010   Data   RW         1928    .data.GPIO_PORT     stm32f4_discovery.o
    0x20000430   COMPRESSED   0x00000004   Data   RW         1933    .data.I2cxTimeout   stm32f4_discovery.o
    0x20000434   COMPRESSED   0x00000034   Data   RW          139    .data.Lis302dlDrv   lis302dl.o
    0x20000468   COMPRESSED   0x00000034   Data   RW          168    .data.Lis3dshDrv    lis3dsh.o
    0x2000049c   COMPRESSED   0x00000004   Data   RW         1675    .data.PauseResumeStatus  main.o
    0x200004a0   COMPRESSED   0x00000004   Data   RW         1934    .data.SpixTimeout   stm32f4_discovery.o
    0x200004a4   COMPRESSED   0x00000004   Data   RW         1508    .data.SystemCoreClock  system_stm32f4xx.o
    0x200004a8   COMPRESSED   0x00000020   Data   RW           47    .data.USBH_msc      usbh_msc.o
    0x200004c8   COMPRESSED   0x00000030   Data   RW          105    .data.cs43l22_drv   cs43l22.o
    0x200004f8        -       0x00000002   Zero   RW          106    .bss..L_MergedGlobals  cs43l22.o
    0x200004fa   COMPRESSED   0x00000002   PAD
    0x200004fc        -       0x00000048   Zero   RW         1632    .bss..L_MergedGlobals  waveplayer.o
    0x20000544        -       0x00000074   Zero   RW         1656    .bss..L_MergedGlobals  waverecorder.o
    0x200005b8        -       0x0000007c   Zero   RW         1681    .bss..L_MergedGlobals  main.o
    0x20000634        -       0x0000002c   Zero   RW         1781    .bss..L_MergedGlobals  ff.o
    0x20000660        -       0x00000054   Zero   RW         1885    .bss..L_MergedGlobals  stm32f4_discovery_audio.o
    0x200006b4        -       0x00000004   Zero   RW         1957    .bss.AcceleroDrv    stm32f4_discovery_accelerometer.o
    0x200006b8        -       0x00001000   Zero   RW         1631    .bss.Audio_Buffer   waveplayer.o
    0x200016b8        -       0x00000060   Zero   RW         1884    .bss.BSP_AUDIO_IN_MspInit.hdma_i2sRx  stm32f4_discovery_audio.o
    0x20001718        -       0x00000060   Zero   RW         1882    .bss.BSP_AUDIO_OUT_MspInit.hdma_i2sTx  stm32f4_discovery_audio.o
    0x20001778        -       0x00000230   Zero   RW         1630    .bss.FileRead       waveplayer.o
    0x200019a8        -       0x00000054   Zero   RW         1936    .bss.I2cHandle      stm32f4_discovery.o
    0x200019fc        -       0x00000100   Zero   RW         1653    .bss.InternalBuffer  waverecorder.o
    0x20001afc        -       0x00000098   Zero   RW         1883    .bss.PDM_FilterHandler  stm32f4_discovery_audio.o
    0x20001b94        -       0x00000040   Zero   RW         1655    .bss.RecBuf         waverecorder.o
    0x20001bd4        -       0x00000058   Zero   RW         1935    .bss.SpiHandle      stm32f4_discovery.o
    0x20001c2c        -       0x00000004   Zero   RW         1549    .bss.TimeRecBase    stm32f4xx_it.o
    0x20001c30        -       0x00000234   Zero   RW         1678    .bss.USBDISKFatFs   main.o
    0x20001e64        -       0x00000230   Zero   RW         1652    .bss.WavFile        waverecorder.o
    0x20002094        -       0x00002000   Zero   RW         1654    .bss.WrBuffer       waverecorder.o
    0x20004094        -       0x00000010   Zero   RW         1800    .bss.disk           ff_gen_drv.o
    0x200040a4        -       0x00000048   Zero   RW         1881    .bss.hAudioOutI2s   stm32f4_discovery_audio.o
    0x200040ec        -       0x000005a8   Zero   RW         1677    .bss.hUSB_Host      main.o
    0x20004694        -       0x00000304   Zero   RW         1603    .bss.hhcd           usbh_conf.o
    0x20004998        -       0x00000200   Zero   RW          188    .bss.scratch        usbh_diskio_dma.o
    0x20004b98        -       0x00000004   Zero   RW          929    .bss.uwTick         stm32f4xx_hal.o
    0x20004b9c   COMPRESSED   0x00000004   PAD
    0x20004ba0        -       0x00002000   Zero   RW           72    HEAP                startup_stm32f407xx.o
    0x20006ba0        -       0x00002000   Zero   RW           71    STACK               startup_stm32f407xx.o


==============================================================================

Image component sizes


      Code (inc. data)   RO Data    RW Data    ZI Data      Debug   Object Name

       778          0          0         48          2       6880   cs43l22.o
       148          0          0          0          0       1982   diskio.o
     14794        108        128          0         44      83126   ff.o
        76          0          0          0         16       3362   ff_gen_drv.o
       456          0          0         52          0       5251   lis302dl.o
       592         20          0         52          0       5123   lis3dsh.o
      1016          0          0          6       2136      15931   main.o
        36          8        392          0      16384        916   startup_stm32f407xx.o
      1622          6          8         28        172      13854   stm32f4_discovery.o
       150          0          0          0          4       3522   stm32f4_discovery_accelerometer.o
      2344          0         64          0        500      18153   stm32f4_discovery_audio.o
       212          0          0          8          4       7479   stm32f4xx_hal.o
       200          0          0          0          0      10715   stm32f4xx_hal_cortex.o
      1242          6          8          0          0      10735   stm32f4xx_hal_dma.o
       470          0          0          0          0       5394   stm32f4xx_hal_gpio.o
      2334         34          0          0          0      13449   stm32f4xx_hal_hcd.o
      3902          0          0          0          0      53831   stm32f4xx_hal_i2c.o
      2218          4          0          0          0      14561   stm32f4xx_hal_i2s.o
       632          0          0          0          0      10246   stm32f4xx_hal_i2s_ex.o
      1382          0          0          0          0       7559   stm32f4xx_hal_rcc.o
       460          0          0          0          0       4550   stm32f4xx_hal_rcc_ex.o
      1310          0          0          0          0      27473   stm32f4xx_hal_spi.o
      1616          8         32          0          0      55172   stm32f4xx_hal_tim.o
         4          0          0          0          0      21377   stm32f4xx_hal_tim_ex.o
       118          0          0          0          4       7350   stm32f4xx_it.o
      5452         10          0          0          0      32643   stm32f4xx_ll_usb.o
         8          0          0          0          0        843   syscall.o
        86          0         24          4          0       2799   system_stm32f4xx.o
       514         10        942          0          0       2626   unicode.o
       602          0          0          0        772      16000   usbh_conf.o
      2718         40          0          0          0      16106   usbh_core.o
      1524         20          0          0          0      13963   usbh_ctlreq.o
       550          6         20          0        512       8490   usbh_diskio_dma.o
       216          0          0          0          0       8292   usbh_ioreq.o
      1530         10          4         32          0      13860   usbh_msc.o
       690         24          0          0          0      11149   usbh_msc_bot.o
       756          0          0          0          0      11897   usbh_msc_scsi.o
       270          0          0          0          0       6722   usbh_pipes.o
       766         32          0          0       4728       5907   waveplayer.o
       722          0         10          0       9188       5411   waverecorder.o

    ----------------------------------------------------------------------
     54844        346       1664        232      34472     564699   Object Totals
         0          0         32          0          0          0   (incl. Generated)
       328          0          0          2          6          0   (incl. Padding)

    ----------------------------------------------------------------------

      Code (inc. data)   RO Data    RW Data    ZI Data      Debug   Library Member Name

      8472        648          0       1028          0       2588   pdm_filter.o
       108         26          0          0          0        116   stm32_crc_lock.o
        38          0          0          0          0        116   fpclassifyf.o
        74         24          0          0          0        580   funder.o
      1636        110        320          0          0        372   powf.o
       154          0          0          0          0        140   roundf.o
        58          0          0          0          0          0   __dczerorl.o
        28          0          0          0          0         76   calloc.o
         0          0          0          0          0          0   entry.o
         0          0          0          0          0          0   entry10a.o
         0          0          0          0          0          0   entry11a.o
         8          4          0          0          0          0   entry2.o
         4          0          0          0          0          0   entry5.o
         0          0          0          0          0          0   entry7b.o
         0          0          0          0          0          0   entry8b.o
         8          4          0          0          0          0   entry9a.o
        12          6          0          4          0         68   errno.o
        30          0          0          0          0          0   handlers.o
        36          8          0          0          0         68   init.o
         0          0          0          0          0          0   iusefp.o
        30          0          0          0          0         68   llshl.o
        32          0          0          0          0         68   llushr.o
       188         20          0          0          0        160   malloc.o
        36          0          0          0          0         68   memcpya.o
        36          0          0          0          0        108   memseta.o
         0          0          0          8          0          0   mvars.o
        98          0          0          0          0         92   uldiv.o
       110          0          0          0          0        168   fepilogue.o
         4          0          0          0          0         68   fpstat.o
        60          0          0          0          0         76   frnd.o

    ----------------------------------------------------------------------
     11268        850        320       1040          0       5000   Library Totals
         8          0          0          0          0          0   (incl. Padding)

    ----------------------------------------------------------------------

      Code (inc. data)   RO Data    RW Data    ZI Data      Debug   Library Name

      8580        674          0       1028          0       2704   libPDMFilter_CM4_Keil_wc16.lib
      1902        134        320          0          0       1208   m_wm.l
       604         42          0         12          0        776   mc_w.l
       174          0          0          0          0        312   mf_w.l

    ----------------------------------------------------------------------
     11268        850        320       1040          0       5000   Library Totals

    ----------------------------------------------------------------------

==============================================================================


      Code (inc. data)   RO Data    RW Data    ZI Data      Debug   

     66112       1196       1984       1272      34472     566203   Grand Totals
     66112       1196       1984       1200      34472     566203   ELF Image Totals (compressed)
     66112       1196       1984       1200          0          0   ROM Totals

==============================================================================

    Total RO  Size (Code + RO Data)                68096 (  66.50kB)
    Total RW  Size (RW Data + ZI Data)             35744 (  34.91kB)
    Total ROM Size (Code + RO Data + RW Data)      69296 (  67.67kB)

==============================================================================

